Microchip MPLAB XC8 Compiler V1.38 ()

Linker command line:

-W-3 --edf=/Applications/microchip/xc8/v1.38/dat/en_msgs.txt -cs \
  -h+dist/default/production/USBPS2.X.production.sym \
  --cmf=dist/default/production/USBPS2.X.production.cmf -z -Q18F14K50 \
  -o/tmp/xcI4bpyye -Mdist/default/production/USBPS2.X.production.map -E1 \
  -ver=XC8 -ASTACK=0140h-01ffh -pstack=STACK -ACODE=00h-03FFFh \
  -ACONST=00h-03FFFh -ASMALLCONST=0300h-03FFhx61 -AMEDIUMCONST=0300h-03FFFh \
  -ACOMRAM=01h-05Fh -AABS1=00h-02FFh -ABIGRAM=01h-02FFh \
  -ARAM=060h-0FFh,0100h-01FFhx2 -ABANK0=060h-0FFh -ABANK1=0100h-01FFh \
  -ABANK2=0200h-02FFh -ASFR=0F53h-0F5Fh,0F60h-0FFFh \
  -preset_vec=00h,intcode=08h,intcodelo,powerup,init,end_init \
  -pramtop=0300h -psmallconst=SMALLCONST -pmediumconst=MEDIUMCONST \
  -pconst=CONST -AFARRAM=00h-00h -ACONFIG=0300000h-030000Dh -pconfig=CONFIG \
  -AIDLOC=0200000h-0200007h -pidloc=IDLOC -AEEDATA=0F00000h-0F000FFh \
  -peeprom_data=EEDATA \
  -prdata=COMRAM,nvrram=COMRAM,nvbit=COMRAM,rbss=COMRAM,rbit=COMRAM \
  -pfarbss=FARRAM,fardata=FARRAM,nvFARRAM=FARRAM \
  -pintsave_regs=BIGRAM,bigbss=BIGRAM,bigdata=BIGRAM -pbss=RAM \
  -pidata=CODE,irdata=CODE,ibigdata=CODE,ifardata=CODE -prparam=COMRAM \
  /tmp/xcy85GxYW.obj dist/default/production/USBPS2.X.production.obj 

Object code version is 3.11

Machine type is 18F14K50

Call graph: (short form)




                Name                               Link     Load   Length Selector   Space Scale
/tmp/xcy85GxYW.obj
                end_init                             82       82        4        4       0
                reset_vec                             0        0        4        0       0
                idloc                            200000   200000        8   200000       0
                config                           300000   300000        E   300000       0
dist/default/production/USBPS2.X.production.obj
                intcode                               8        8       7A        4       0
                temp                                 57       57        1        1       1
                smallconst                          300      300       CC      180       0
                text49                             2146     2146       18      1E6       0
                text48                             1B2E     1B2E       82      1E6       0
                text47                             1DC2     1DC2       5A      1E6       0
                text46                             141E     141E       D4      1E6       0
                text45                             105C     105C       FA      1E6       0
                text44                             1686     1686       C4      1E6       0
                text43                              A7A      A7A      140      1E6       0
                text42                             1D66     1D66       5C      1E6       0
                text41                             1A9A     1A9A       94      1E6       0
                text40                             1EA2     1EA2       3C      1E6       0
                text39                              F5A      F5A      102      1E6       0
                text38                             1CA2     1CA2       66      1E6       0
                text37                             1D08     1D08       5E      1E6       0
                text36                             1F4E     1F4E       36      1E6       0
                text35                             1F18     1F18       36      1E6       0
                text34                             1BB0     1BB0       80      1E6       0
                text33                             14F2     14F2       D0      1E6       0
                text32                             1C30     1C30       72      1E6       0
                text31                              3CC      3CC      2A0      1E6       0
                text30                              BBA      BBA      13C      1E6       0
                text29                             1806     1806       BA      1E6       0
                text28                             207A     207A       2C      1E6       0
                text27                             133C     133C       E2      1E6       0
                text26                             124A     124A       F2      1E6       0
                text25                             1966     1966       9E      1E6       0
                text24                             1156     1156       F4      1E6       0
                text23                             18C0     18C0       A6      1E6       0
                text22                             1E62     1E62       40      1E6       0
                text21                             1A04     1A04       96      1E6       0
                text20                             2110     2110       1E      1E6       0
                text19                             1E1C     1E1C       46      1E6       0
                text18                             204E     204E       2C      1E6       0
                text17                             201C     201C       32      1E6       0
                text16                              7DC      7DC      152      1E6       0
                text15                              E2A      E2A      130      1E6       0
                text13                              CF6      CF6      134      1E6       0
                text12                              92E      92E      14C      1E6       0
                text11                             212E     212E       18      1E6       0
                text10                             2170     2170        A      1E6       0
                text9                              174A     174A       BC      1E6       0
                text8                              20CE     20CE       22      1E6       0
                text7                              15C2     15C2       C4      1E6       0
                text6                              215E     215E       12      1E6       0
                text5                              1EDE     1EDE       3A      1E6       0
                text4                              20A6     20A6       28      1E6       0
                text3                              1FEA     1FEA       32      1E6       0
                text2                              1F84     1F84       34      1E6       0
                text1                               66C      66C      170      1E6       0
                text0                              20F0     20F0       20      1E6       0
                cstackCOMRAM                         2C       2C       2B        1       1
                cstackBANK0                          E5       E5        F       60       1
                bssBANK1                            100      100       40      100       1
                bssBANK0                             60       60       85       60       1
                bssCOMRAM                             1        1       2B        1       1
                cinit                              1FB8     1FB8       32      1E6       0

TOTAL           Name                               Link     Load   Length     Space
        CLASS   STACK          

        CLASS   CODE           
                end_init                             82       82        4         0
                intcode                               8        8       7A         0
                reset_vec                             0        0        4         0
                text49                             2146     2146       18         0
                text48                             1B2E     1B2E       82         0
                text47                             1DC2     1DC2       5A         0
                text46                             141E     141E       D4         0
                text45                             105C     105C       FA         0
                text44                             1686     1686       C4         0
                text43                              A7A      A7A      140         0
                text42                             1D66     1D66       5C         0
                text41                             1A9A     1A9A       94         0
                text40                             1EA2     1EA2       3C         0
                text39                              F5A      F5A      102         0
                text38                             1CA2     1CA2       66         0
                text37                             1D08     1D08       5E         0
                text36                             1F4E     1F4E       36         0
                text35                             1F18     1F18       36         0
                text34                             1BB0     1BB0       80         0
                text33                             14F2     14F2       D0         0
                text32                             1C30     1C30       72         0
                text31                              3CC      3CC      2A0         0
                text30                              BBA      BBA      13C         0
                text29                             1806     1806       BA         0
                text28                             207A     207A       2C         0
                text27                             133C     133C       E2         0
                text26                             124A     124A       F2         0
                text25                             1966     1966       9E         0
                text24                             1156     1156       F4         0
                text23                             18C0     18C0       A6         0
                text22                             1E62     1E62       40         0
                text21                             1A04     1A04       96         0
                text20                             2110     2110       1E         0
                text19                             1E1C     1E1C       46         0
                text18                             204E     204E       2C         0
                text17                             201C     201C       32         0
                text16                              7DC      7DC      152         0
                text15                              E2A      E2A      130         0
                text13                              CF6      CF6      134         0
                text12                              92E      92E      14C         0
                text11                             212E     212E       18         0
                text10                             2170     2170        A         0
                text9                              174A     174A       BC         0
                text8                              20CE     20CE       22         0
                text7                              15C2     15C2       C4         0
                text6                              215E     215E       12         0
                text5                              1EDE     1EDE       3A         0
                text4                              20A6     20A6       28         0
                text3                              1FEA     1FEA       32         0
                text2                              1F84     1F84       34         0
                text1                               66C      66C      170         0
                text0                              20F0     20F0       20         0
                cinit                              1FB8     1FB8       32         0

        CLASS   CONST          

        CLASS   SMALLCONST     
                smallconst                          300      300       CC         0

        CLASS   MEDIUMCONST    

        CLASS   COMRAM         
                temp                                 57       57        1         1
                cstackCOMRAM                         2C       2C       2B         1
                bssCOMRAM                             1        1       2B         1

        CLASS   ABS1           
                abs_s1                              200      200       C0         1

        CLASS   BIGRAM         

        CLASS   RAM            

        CLASS   BANK0          
                cstackBANK0                          E5       E5        F         1
                bssBANK0                             60       60       85         1

        CLASS   BANK1          
                bssBANK1                            100      100       40         1

        CLASS   BANK2          

        CLASS   SFR            

        CLASS   FARRAM         

        CLASS   CONFIG         
                config                           300000   300000        E         0

        CLASS   IDLOC          
                idloc                            200000   200000        8         0

        CLASS   EEDATA         



SEGMENTS        Name                           Load    Length   Top    Selector   Space  Class

                reset_vec                      000000  000004  000004         0       0  CODE    
                bssCOMRAM                      000001  000057  000058         1       1  COMRAM  
                intcode                        000008  00007E  000086         4       0  CODE    
                bssBANK0                       000060  000094  0000F4        60       1  BANK0   
                bssBANK1                       000100  000040  000140       100       1  BANK1   
                smallconst                     000300  0000CC  0003CC       180       0  SMALLCON
                text31                         0003CC  001DAE  00217A       1E6       0  CODE    
                idloc                          200000  000008  200008    200000       0  IDLOC   
                config                         300000  00000E  30000E    300000       0  CONFIG  


UNUSED ADDRESS RANGES

        Name                Unused          Largest block    Delta
        BANK0            0000F4-0000FF                C
        BANK1            000140-0001FF               C0
        BANK2            0002C0-0002FF               40
        BIGRAM           000058-00005F                8
                         0000F4-0000FF                C
                         000140-0001FF               C0
                         0002C0-0002FF               40
        CODE             000004-000007                4
                         000086-0002FF              27A
                         00217A-003FFF             1E86
        COMRAM           000058-00005F                8
        CONST            000004-000007                4
                         000086-0002FF              27A
                         00217A-003FFF             1E86
        EEDATA           F00000-F000FF              100
        MEDIUMCONST      00217A-003FFF             1E86
        RAM              0000F4-0000FF                C
                         000140-0001FF               C0
                         0002C0-0002FF               40
        SFR              000F53-000FFF                D
        SMALLCONST       00217A-003FFF              100
        STACK            000140-0001FF               C0

                                  Symbol Table

?_USBTransferOnePacket                    cstackBANK0  0000E5
?___lldiv                                 cstackCOMRAM 00002C
?i2_USBTransferOnePacket                  cstackCOMRAM 00002C
APP_DeviceCDCEmulatorInitialize@i         cstackCOMRAM 000038
APP_LEDUpdateUSBStatus@ledCount           bssCOMRAM    000005
BUTTON_Enable@button                      cstackBANK0  0000E5
CDCTxService@byte_to_send                 cstackBANK0  0000F1
CDCTxService@i                            cstackBANK0  0000F0
LED_Enable@led                            cstackBANK0  0000E5
LED_Off@led                               cstackCOMRAM 00002C
LED_On@led                                cstackCOMRAM 00002C
SYSTEM_Initialize@state                   cstackBANK0  0000E6
USART_Initialize@c                        cstackCOMRAM 00002C
USART_getcUSART@c                         cstackBANK0  0000E5
USART_mySetLineCodingHandler@dwBaud       cstackCOMRAM 000039
USART_putcUSART@c                         cstackBANK0  0000E5
USBConfigureEndpoint@EPNum                cstackCOMRAM 000031
USBConfigureEndpoint@direction            cstackCOMRAM 00002C
USBConfigureEndpoint@handle               cstackCOMRAM 000032
USBCtrlTrfInHandler@lastDTS               cstackCOMRAM 00003D
USBCtrlTrfRxService@byteToRead            cstackCOMRAM 00003E
USBCtrlTrfRxService@i                     cstackCOMRAM 00003D
USBCtrlTrfTxService@byteToSend            cstackCOMRAM 00002C
USBDeviceInit@i                           cstackBANK0  0000ED
USBDeviceTasks@i                          cstackCOMRAM 000048
USBEnableEndpoint@ep                      cstackCOMRAM 000037
USBEnableEndpoint@options                 cstackCOMRAM 000034
USBEnableEndpoint@p                       cstackCOMRAM 000035
USBStdFeatureReqHandler@current_ep_data   cstackCOMRAM 000044
USBStdFeatureReqHandler@p                 cstackCOMRAM 000045
USBStdFeatureReqHandler@pUEP              cstackCOMRAM 000042
USBStdGetStatusHandler@p                  cstackCOMRAM 00002D
USBStdSetCfgHandler@i                     cstackCOMRAM 000041
USBTransferOnePacket@data                 cstackBANK0  0000E6
USBTransferOnePacket@dir                  cstackBANK0  0000E5
USBTransferOnePacket@ep                   cstackBANK0  0000ED
USBTransferOnePacket@handle               cstackBANK0  0000EE
USBTransferOnePacket@len                  cstackBANK0  0000E8
USER_USB_CALLBACK_EVENT_HANDLER@event     cstackCOMRAM 000039
USER_USB_CALLBACK_EVENT_HANDLER@pdata     cstackCOMRAM 00003B
USER_USB_CALLBACK_EVENT_HANDLER@size      cstackCOMRAM 00003D
_ANSELHbits                               (abs)        000F7F
_APP_DeviceCDCEmulatorInitialize          text37       001D08
_APP_DeviceCDCEmulatorTasks               text7        0015C2
_APP_LEDUpdateUSBStatus                   text34       001BB0
_BAUDCON                                  (abs)        000FB8
_BDT                                      (abs)        000200
_BUTTON_Enable                            text6        00215E
_BaudRateGen                              bssBANK0     00007A
_BothEP0OutUOWNsSet                       bssCOMRAM    00000D
_CDCDataInHandle                          bssBANK0     00008A
_CDCDataOutHandle                         bssBANK0     00008C
_CDCInitEP                                text38       001CA2
_CDCTxService                             text12       00092E
_CtrlTrfData                              (abs)        000238
_INTCONbits                               (abs)        000FF2
_IPR2bits                                 (abs)        000FA2
_LATCbits                                 (abs)        000F8B
_LED_Enable                               text5        001EDE
_LED_Off                                  text36       001F4E
_LED_On                                   text35       001F18
_LastRS232Out                             bssCOMRAM    00000E
_NextUSBOut                               bssCOMRAM    00000F
_PIE2bits                                 (abs)        000FA0
_PIR1bits                                 (abs)        000F9E
_PIR2bits                                 (abs)        000FA1
_PORTAbits                                (abs)        000F80
_RCONbits                                 (abs)        000FD0
_RCREG                                    (abs)        000FAE
_RCSTA                                    (abs)        000FAB
_RCSTAbits                                (abs)        000FAB
_RS232_Out_Data                           bssBANK1     000100
_RS232_Out_Data_Rdy                       bssCOMRAM    000010
_RS232cp                                  bssCOMRAM    000011
_RemoteWakeup                             bssCOMRAM    000012
_SPBRG                                    (abs)        000FAF
_SPBRGH                                   (abs)        000FB0
_SYSTEM_Initialize                        text4        0020A6
_SYS_InterruptHigh                        intcode      000008
_SetupPkt                                 (abs)        000230
_TRISBbits                                (abs)        000F93
_TRISCbits                                (abs)        000F94
_TXREG                                    (abs)        000FAD
_TXSTA                                    (abs)        000FAC
_TXSTAbits                                (abs)        000FAC
_UADDR                                    (abs)        000F5C
_UCFG                                     (abs)        000F61
_UCON                                     (abs)        000F64
_UCONbits                                 (abs)        000F64
_UEIE                                     (abs)        000F5B
_UEIR                                     (abs)        000F5F
_UEP0                                     (abs)        000F53
_UEP0bits                                 (abs)        000F53
_UEP1                                     (abs)        000F54
_UIE                                      (abs)        000F60
_UIEbits                                  (abs)        000F60
_UIR                                      (abs)        000F62
_UIRbits                                  (abs)        000F62
_USART_Initialize                         text49       002146
_USART_getcUSART                          text11       00212E
_USART_mySetLineCodingHandler             text47       001DC2
_USART_putcUSART                          text10       002170
_USB1msTickCount                          bssCOMRAM    000001
_USBActiveConfiguration                   bssCOMRAM    00002A
_USBAlternateInterface                    bssCOMRAM    000028
_USBBusIsSuspended                        bssCOMRAM    000013
_USBCheckCDCRequest                       text33       0014F2
_USBCheckStdRequest                       text26       00124A
_USBConfigureEndpoint                     text41       001A9A
_USBCtrlEPAllowDataStage                  text25       001966
_USBCtrlEPAllowStatusStage                text44       001686
_USBCtrlEPService                         text21       001A04
_USBCtrlEPServiceComplete                 text24       001156
_USBCtrlTrfInHandler                      text45       00105C
_USBCtrlTrfOutHandler                     text42       001D66
_USBCtrlTrfRxService                      text43       000A7A
_USBCtrlTrfSetupHandler                   text23       0018C0
_USBCtrlTrfTxService                      text46       00141E
_USBDeferINDataStagePackets               bssCOMRAM    000014
_USBDeferOUTDataStagePackets              bssCOMRAM    000015
_USBDeferStatusStagePacket                bssCOMRAM    000016
_USBDeviceAttach                          text3        001FEA
_USBDeviceInit                            text1        00066C
_USBDeviceState                           bssCOMRAM    000017
_USBDeviceTasks                           text15       000E2A
_USBEnableEndpoint                        text40       001EA2
_USBIncrement1msInternalTimers            text20       002110
_USBStallHandler                          text19       001E1C
_USBStatusStageEnabledFlag1               bssCOMRAM    000018
_USBStatusStageEnabledFlag2               bssCOMRAM    000019
_USBStatusStageTimeoutCounter             bssCOMRAM    00001A
_USBStdFeatureReqHandler                  text31       0003CC
_USBStdGetDscHandler                      text30       000BBA
_USBStdGetStatusHandler                   text29       001806
_USBStdSetCfgHandler                      text27       00133C
_USBSuspend                               text18       00204E
_USBTicksSinceSuspendEnd                  bssCOMRAM    00001B
_USBTransferOnePacket                     text13       000CF6
_USBWakeFromSuspend                       text17       00201C
_USB_CD_Ptr                               smallconst   000307
_USB_Out_Buffer                           bssBANK0     000093
_USB_SD_Ptr                               smallconst   000301
_USER_USB_CALLBACK_EVENT_HANDLER          text32       001C30
_USTAT                                    (abs)        000F63
_USTATcopy                                bssCOMRAM    00002B
__CFG_BBSIZ$OFF                           (abs)        000000
__CFG_BOREN$OFF                           (abs)        000000
__CFG_BORV$30                             (abs)        000000
__CFG_CP0$OFF                             (abs)        000000
__CFG_CP1$OFF                             (abs)        000000
__CFG_CPB$OFF                             (abs)        000000
__CFG_CPUDIV$NOCLKDIV                     (abs)        000000
__CFG_EBTR0$OFF                           (abs)        000000
__CFG_EBTR1$OFF                           (abs)        000000
__CFG_EBTRB$OFF                           (abs)        000000
__CFG_FCMEN$OFF                           (abs)        000000
__CFG_FOSC$HS                             (abs)        000000
__CFG_HFOFST$OFF                          (abs)        000000
__CFG_IESO$OFF                            (abs)        000000
__CFG_LVP$OFF                             (abs)        000000
__CFG_MCLRE$OFF                           (abs)        000000
__CFG_PLLEN$ON                            (abs)        000000
__CFG_PWRTEN$OFF                          (abs)        000000
__CFG_STVREN$ON                           (abs)        000000
__CFG_USBDIV$OFF                          (abs)        000000
__CFG_WDTEN$OFF                           (abs)        000000
__CFG_WDTPS$32768                         (abs)        000000
__CFG_WRT0$OFF                            (abs)        000000
__CFG_WRT1$OFF                            (abs)        000000
__CFG_WRTB$OFF                            (abs)        000000
__CFG_WRTC$OFF                            (abs)        000000
__CFG_XINST$OFF                           (abs)        000000
__HRAM                                    (abs)        000000
__Habs1                                   abs1         000000
__Hbank0                                  bank0        000000
__Hbank1                                  bank1        000000
__Hbank2                                  bank2        000000
__Hbigbss                                 bigbss       000000
__Hbigdata                                bigdata      000000
__Hbigram                                 bigram       000000
__Hbss                                    bss          000000
__HbssBANK0                               bssBANK0     000000
__HbssBANK1                               bssBANK1     000000
__HbssCOMRAM                              bssCOMRAM    000000
__Hcinit                                  cinit        000000
__Hclrtext                                clrtext      000000
__Hcomram                                 comram       000000
__Hconfig                                 config       30000E
__Hconst                                  const        000000
__HcstackBANK0                            cstackBANK0  000000
__HcstackCOMRAM                           cstackCOMRAM 000000
__Hdata                                   data         000000
__Heeprom_data                            eeprom_data  000000
__Hend_init                               end_init     000086
__Hfarbss                                 farbss       000000
__Hfardata                                fardata      000000
__Hibigdata                               ibigdata     000000
__Hidata                                  idata        000000
__Hidloc                                  idloc        200008
__Hifardata                               ifardata     000000
__Hinit                                   init         000082
__Hintcode                                intcode      000082
__Hintcode_body                           intcode_body 000000
__Hintcodelo                              intcodelo    000082
__Hintentry                               intentry     000000
__Hintret                                 intret       000000
__Hintsave_regs                           intsave_regs 000000
__Hirdata                                 irdata       000000
__Hmediumconst                            mediumconst  000000
__HnvFARRAM                               nvFARRAM     000000
__Hnvbit                                  nvbit        000000
__Hnvrram                                 nvrram       000000
__Hparam                                  rparam       000000
__Hpowerup                                powerup      000082
__Hram                                    ram          000000
__Hramtop                                 ramtop       000300
__Hrbit                                   rbit         000000
__Hrbss                                   rbss         000000
__Hrdata                                  rdata        000000
__Hreset_vec                              reset_vec    000004
__Hrparam                                 rparam       000000
__Hsfr                                    sfr          000000
__Hsmallconst                             smallconst   0003CC
__Hspace_0                                (abs)        30000E
__Hspace_1                                (abs)        000140
__Hspace_2                                (abs)        000000
__Hstack                                  stack        000000
__Hstruct                                 struct       000000
__Htemp                                   temp         000058
__Htext                                   text         000000
__Htext0                                  text0        000000
__Htext1                                  text1        000000
__Htext10                                 text10       000000
__Htext11                                 text11       000000
__Htext12                                 text12       000000
__Htext13                                 text13       000000
__Htext15                                 text15       000000
__Htext16                                 text16       000000
__Htext17                                 text17       000000
__Htext18                                 text18       000000
__Htext19                                 text19       000000
__Htext2                                  text2        000000
__Htext20                                 text20       000000
__Htext21                                 text21       000000
__Htext22                                 text22       000000
__Htext23                                 text23       000000
__Htext24                                 text24       000000
__Htext25                                 text25       000000
__Htext26                                 text26       000000
__Htext27                                 text27       000000
__Htext28                                 text28       000000
__Htext29                                 text29       000000
__Htext3                                  text3        000000
__Htext30                                 text30       000000
__Htext31                                 text31       000000
__Htext32                                 text32       000000
__Htext33                                 text33       000000
__Htext34                                 text34       000000
__Htext35                                 text35       000000
__Htext36                                 text36       000000
__Htext37                                 text37       000000
__Htext38                                 text38       000000
__Htext39                                 text39       000000
__Htext4                                  text4        000000
__Htext40                                 text40       000000
__Htext41                                 text41       000000
__Htext42                                 text42       000000
__Htext43                                 text43       000000
__Htext44                                 text44       000000
__Htext45                                 text45       000000
__Htext46                                 text46       000000
__Htext47                                 text47       000000
__Htext48                                 text48       000000
__Htext49                                 text49       000000
__Htext5                                  text5        000000
__Htext50                                 text50       000000
__Htext6                                  text6        000000
__Htext7                                  text7        000000
__Htext8                                  text8        000000
__Htext9                                  text9        000000
__LRAM                                    (abs)        000001
__Labs1                                   abs1         000000
__Lbank0                                  bank0        000000
__Lbank1                                  bank1        000000
__Lbank2                                  bank2        000000
__Lbigbss                                 bigbss       000000
__Lbigdata                                bigdata      000000
__Lbigram                                 bigram       000000
__Lbss                                    bss          000000
__LbssBANK0                               bssBANK0     000000
__LbssBANK1                               bssBANK1     000000
__LbssCOMRAM                              bssCOMRAM    000000
__Lcinit                                  cinit        000000
__Lclrtext                                clrtext      000000
__Lcomram                                 comram       000000
__Lconfig                                 config       300000
__Lconst                                  const        000000
__LcstackBANK0                            cstackBANK0  000000
__LcstackCOMRAM                           cstackCOMRAM 000000
__Ldata                                   data         000000
__Leeprom_data                            eeprom_data  000000
__Lend_init                               end_init     000082
__Lfarbss                                 farbss       000000
__Lfardata                                fardata      000000
__Libigdata                               ibigdata     000000
__Lidata                                  idata        000000
__Lidloc                                  idloc        200000
__Lifardata                               ifardata     000000
__Linit                                   init         000082
__Lintcode                                intcode      000008
__Lintcode_body                           intcode_body 000000
__Lintcodelo                              intcodelo    000082
__Lintentry                               intentry     000000
__Lintret                                 intret       000000
__Lintsave_regs                           intsave_regs 000000
__Lirdata                                 irdata       000000
__Lmediumconst                            mediumconst  000000
__LnvFARRAM                               nvFARRAM     000000
__Lnvbit                                  nvbit        000000
__Lnvrram                                 nvrram       000000
__Lparam                                  rparam       000000
__Lpowerup                                powerup      000082
__Lram                                    ram          000000
__Lramtop                                 ramtop       000300
__Lrbit                                   rbit         000000
__Lrbss                                   rbss         000000
__Lrdata                                  rdata        000000
__Lreset_vec                              reset_vec    000000
__Lrparam                                 rparam       000000
__Lsfr                                    sfr          000000
__Lsmallconst                             smallconst   000300
__Lspace_0                                (abs)        000000
__Lspace_1                                (abs)        000000
__Lspace_2                                (abs)        000000
__Lstack                                  stack        000000
__Lstruct                                 struct       000000
__Ltemp                                   temp         000057
__Ltext                                   text         000000
__Ltext0                                  text0        000000
__Ltext1                                  text1        000000
__Ltext10                                 text10       000000
__Ltext11                                 text11       000000
__Ltext12                                 text12       000000
__Ltext13                                 text13       000000
__Ltext15                                 text15       000000
__Ltext16                                 text16       000000
__Ltext17                                 text17       000000
__Ltext18                                 text18       000000
__Ltext19                                 text19       000000
__Ltext2                                  text2        000000
__Ltext20                                 text20       000000
__Ltext21                                 text21       000000
__Ltext22                                 text22       000000
__Ltext23                                 text23       000000
__Ltext24                                 text24       000000
__Ltext25                                 text25       000000
__Ltext26                                 text26       000000
__Ltext27                                 text27       000000
__Ltext28                                 text28       000000
__Ltext29                                 text29       000000
__Ltext3                                  text3        000000
__Ltext30                                 text30       000000
__Ltext31                                 text31       000000
__Ltext32                                 text32       000000
__Ltext33                                 text33       000000
__Ltext34                                 text34       000000
__Ltext35                                 text35       000000
__Ltext36                                 text36       000000
__Ltext37                                 text37       000000
__Ltext38                                 text38       000000
__Ltext39                                 text39       000000
__Ltext4                                  text4        000000
__Ltext40                                 text40       000000
__Ltext41                                 text41       000000
__Ltext42                                 text42       000000
__Ltext43                                 text43       000000
__Ltext44                                 text44       000000
__Ltext45                                 text45       000000
__Ltext46                                 text46       000000
__Ltext47                                 text47       000000
__Ltext48                                 text48       000000
__Ltext49                                 text49       000000
__Ltext5                                  text5        000000
__Ltext50                                 text50       000000
__Ltext6                                  text6        000000
__Ltext7                                  text7        000000
__Ltext8                                  text8        000000
__Ltext9                                  text9        000000
__S0                                      (abs)        30000E
__S1                                      (abs)        000140
__S2                                      (abs)        000000
___inthi_sp                               stack        000000
___intlo_sp                               stack        000000
___lldiv                                  text48       001B2E
___lldiv@counter                          cstackCOMRAM 000038
___lldiv@dividend                         cstackCOMRAM 00002C
___lldiv@divisor                          cstackCOMRAM 000030
___lldiv@quotient                         cstackCOMRAM 000034
___param_bank                             (abs)        000010
___rparam_used                            (abs)        000001
___sp                                     stack        000000
__accesstop                               (abs)        000060
__activetblptr                            (abs)        000002
__end_of_APP_DeviceCDCEmulatorInitialize  text37       001D66
__end_of_APP_DeviceCDCEmulatorTasks       text7        001686
__end_of_APP_LEDUpdateUSBStatus           text34       001C30
__end_of_BUTTON_Enable                    text6        002170
__end_of_CDCInitEP                        text38       001D08
__end_of_CDCTxService                     text12       000A7A
__end_of_LED_Enable                       text5        001F18
__end_of_LED_Off                          text36       001F84
__end_of_LED_On                           text35       001F4E
__end_of_SYSTEM_Initialize                text4        0020CE
__end_of_SYS_InterruptHigh                intcode      000082
__end_of_USART_Initialize                 text49       00215E
__end_of_USART_getcUSART                  text11       002146
__end_of_USART_mySetLineCodingHandler     text47       001E1C
__end_of_USART_putcUSART                  text10       00217A
__end_of_USBCheckCDCRequest               text33       0015C2
__end_of_USBCheckStdRequest               text26       00133C
__end_of_USBConfigureEndpoint             text41       001B2E
__end_of_USBCtrlEPAllowDataStage          text25       001A04
__end_of_USBCtrlEPAllowStatusStage        text44       00174A
__end_of_USBCtrlEPService                 text21       001A9A
__end_of_USBCtrlEPServiceComplete         text24       00124A
__end_of_USBCtrlTrfInHandler              text45       001156
__end_of_USBCtrlTrfOutHandler             text42       001DC2
__end_of_USBCtrlTrfRxService              text43       000BBA
__end_of_USBCtrlTrfSetupHandler           text23       001966
__end_of_USBCtrlTrfTxService              text46       0014F2
__end_of_USBDeviceAttach                  text3        00201C
__end_of_USBDeviceInit                    text1        0007DC
__end_of_USBDeviceTasks                   text15       000F5A
__end_of_USBEnableEndpoint                text40       001EDE
__end_of_USBIncrement1msInternalTimers    text20       00212E
__end_of_USBStallHandler                  text19       001E62
__end_of_USBStdFeatureReqHandler          text31       00066C
__end_of_USBStdGetDscHandler              text30       000CF6
__end_of_USBStdGetStatusHandler           text29       0018C0
__end_of_USBStdSetCfgHandler              text27       00141E
__end_of_USBSuspend                       text18       00207A
__end_of_USBTransferOnePacket             text13       000E2A
__end_of_USBWakeFromSuspend               text17       00204E
__end_of_USB_CD_Ptr                       smallconst   000309
__end_of_USB_SD_Ptr                       smallconst   000307
__end_of_USER_USB_CALLBACK_EVENT_HANDLER  text32       001CA2
__end_of___lldiv                          text48       001BB0
__end_of__initialization                  cinit        001FDC
__end_of_configDescriptor1                smallconst   00034C
__end_of_device_dsc                       smallconst   0003C6
__end_of_getsUSBUSART                     text9        001806
__end_of_main                             text0        002110
__end_of_memcpy                           text22       001EA2
__end_of_memset                           text2        001FB8
__end_of_putUSBUSART                      text8        0020F0
__end_of_sd000                            smallconst   0003CA
__end_of_sd001                            smallconst   000380
__end_of_sd002                            smallconst   0003B4
__end_ofi2_USBDeviceInit                  text16       00092E
__end_ofi2_USBTransferOnePacket           text39       00105C
__end_ofi2_memset                         text28       0020A6
__initialization                          cinit        001FB8
__mediumconst                             mediumconst  000000
__pbssBANK0                               bssBANK0     000060
__pbssBANK1                               bssBANK1     000100
__pbssCOMRAM                              bssCOMRAM    000001
__pcinit                                  cinit        001FB8
__pcstackBANK0                            cstackBANK0  0000E5
__pcstackCOMRAM                           cstackCOMRAM 00002C
__pintcode                                intcode      000008
__psmallconst                             smallconst   000300
__ptext0                                  text0        0020F0
__ptext1                                  text1        00066C
__ptext10                                 text10       002170
__ptext11                                 text11       00212E
__ptext12                                 text12       00092E
__ptext13                                 text13       000CF6
__ptext15                                 text15       000E2A
__ptext16                                 text16       0007DC
__ptext17                                 text17       00201C
__ptext18                                 text18       00204E
__ptext19                                 text19       001E1C
__ptext2                                  text2        001F84
__ptext20                                 text20       002110
__ptext21                                 text21       001A04
__ptext22                                 text22       001E62
__ptext23                                 text23       0018C0
__ptext24                                 text24       001156
__ptext25                                 text25       001966
__ptext26                                 text26       00124A
__ptext27                                 text27       00133C
__ptext28                                 text28       00207A
__ptext29                                 text29       001806
__ptext3                                  text3        001FEA
__ptext30                                 text30       000BBA
__ptext31                                 text31       0003CC
__ptext32                                 text32       001C30
__ptext33                                 text33       0014F2
__ptext34                                 text34       001BB0
__ptext35                                 text35       001F18
__ptext36                                 text36       001F4E
__ptext37                                 text37       001D08
__ptext38                                 text38       001CA2
__ptext39                                 text39       000F5A
__ptext4                                  text4        0020A6
__ptext40                                 text40       001EA2
__ptext41                                 text41       001A9A
__ptext42                                 text42       001D66
__ptext43                                 text43       000A7A
__ptext44                                 text44       001686
__ptext45                                 text45       00105C
__ptext46                                 text46       00141E
__ptext47                                 text47       001DC2
__ptext48                                 text48       001B2E
__ptext49                                 text49       002146
__ptext5                                  text5        001EDE
__ptext50                                 text50       000000
__ptext6                                  text6        00215E
__ptext7                                  text7        0015C2
__ptext8                                  text8        0020CE
__ptext9                                  text9        00174A
__ramtop                                  ramtop       000300
__size_of_APP_DeviceCDCEmulatorInitialize (abs)        000000
__size_of_APP_DeviceCDCEmulatorTasks      (abs)        000000
__size_of_APP_LEDUpdateUSBStatus          (abs)        000000
__size_of_BUTTON_Enable                   (abs)        000000
__size_of_CDCInitEP                       (abs)        000000
__size_of_CDCTxService                    (abs)        000000
__size_of_LED_Enable                      (abs)        000000
__size_of_LED_Off                         (abs)        000000
__size_of_LED_On                          (abs)        000000
__size_of_SYSTEM_Initialize               (abs)        000000
__size_of_SYS_InterruptHigh               (abs)        000000
__size_of_USART_Initialize                (abs)        000000
__size_of_USART_getcUSART                 (abs)        000000
__size_of_USART_mySetLineCodingHandler    (abs)        000000
__size_of_USART_putcUSART                 (abs)        000000
__size_of_USBCheckCDCRequest              (abs)        000000
__size_of_USBCheckStdRequest              (abs)        000000
__size_of_USBConfigureEndpoint            (abs)        000000
__size_of_USBCtrlEPAllowDataStage         (abs)        000000
__size_of_USBCtrlEPAllowStatusStage       (abs)        000000
__size_of_USBCtrlEPService                (abs)        000000
__size_of_USBCtrlEPServiceComplete        (abs)        000000
__size_of_USBCtrlTrfInHandler             (abs)        000000
__size_of_USBCtrlTrfOutHandler            (abs)        000000
__size_of_USBCtrlTrfRxService             (abs)        000000
__size_of_USBCtrlTrfSetupHandler          (abs)        000000
__size_of_USBCtrlTrfTxService             (abs)        000000
__size_of_USBDeviceAttach                 (abs)        000000
__size_of_USBDeviceInit                   (abs)        000000
__size_of_USBDeviceTasks                  (abs)        000000
__size_of_USBEnableEndpoint               (abs)        000000
__size_of_USBIncrement1msInternalTimers   (abs)        000000
__size_of_USBStallHandler                 (abs)        000000
__size_of_USBStdFeatureReqHandler         (abs)        000000
__size_of_USBStdGetDscHandler             (abs)        000000
__size_of_USBStdGetStatusHandler          (abs)        000000
__size_of_USBStdSetCfgHandler             (abs)        000000
__size_of_USBSuspend                      (abs)        000000
__size_of_USBTransferOnePacket            (abs)        000000
__size_of_USBWakeFromSuspend              (abs)        000000
__size_of_USER_USB_CALLBACK_EVENT_HANDLER (abs)        000000
__size_of___lldiv                         (abs)        000000
__size_of_getsUSBUSART                    (abs)        000000
__size_of_main                            (abs)        000000
__size_of_memcpy                          (abs)        000000
__size_of_memset                          (abs)        000000
__size_of_putUSBUSART                     (abs)        000000
__size_ofi2_USBDeviceInit                 (abs)        000000
__size_ofi2_USBTransferOnePacket          (abs)        000000
__size_ofi2_memset                        (abs)        000000
__smallconst                              smallconst   000300
_cdc_data_rx                              (abs)        000280
_cdc_data_tx                              (abs)        000240
_cdc_mem_type                             bssBANK0     000090
_cdc_notice                               bssBANK0     0000D3
_cdc_rx_len                               bssBANK0     000091
_cdc_trf_state                            bssCOMRAM    00001C
_cdc_tx_len                               bssBANK0     000092
_configDescriptor1                        smallconst   000309
_controlTransferState                     bssCOMRAM    00001D
_control_signal_bitmap                    bssCOMRAM    00001E
_device_dsc                               smallconst   0003B4
_dummy_encapsulated_cmd_response          bssBANK0     0000DD
_endpoint_number                          bssCOMRAM    00001F
_ep_data_in                               bssBANK0     00007E
_ep_data_out                              bssBANK0     000081
_getsUSBUSART                             text9        00174A
_inPipes                                  bssBANK0     000068
_lastTransmission                         bssBANK0     00008E
_line_coding                              bssCOMRAM    000021
_main                                     text0        0020F0
_memcpy                                   text22       001E62
_memset                                   text2        001F84
_outPipes                                 bssBANK0     000060
_pBDTEntryEP0OutCurrent                   bssCOMRAM    000007
_pBDTEntryEP0OutNext                      bssCOMRAM    000009
_pBDTEntryIn                              bssBANK0     00006E
_pBDTEntryOut                             bssBANK0     000074
_pCDCDst                                  bssBANK0     000084
_pCDCSrc                                  bssBANK0     000087
_pDst                                     bssCOMRAM    00000B
_putUSBUSART                              text8        0020CE
_sd000                                    smallconst   0003C6
_sd001                                    smallconst   00034C
_sd002                                    smallconst   000380
_shortPacketStatus                        bssCOMRAM    000020
btemp                                     temp         000057
end_of_initialization                     cinit        001FDC
getsUSBUSART@buffer                       cstackBANK0  0000F0
getsUSBUSART@len                          cstackBANK0  0000F2
i2USBDeviceInit@i                         cstackCOMRAM 000034
i2USBTransferOnePacket@data               cstackCOMRAM 00002D
i2USBTransferOnePacket@dir                cstackCOMRAM 00002C
i2USBTransferOnePacket@ep                 cstackCOMRAM 000034
i2USBTransferOnePacket@handle             cstackCOMRAM 000035
i2USBTransferOnePacket@len                cstackCOMRAM 00002F
i2_USBDeviceInit                          text16       0007DC
i2_USBTransferOnePacket                   text39       000F5A
i2_memset                                 text28       00207A
i2memset@c                                cstackCOMRAM 00002E
i2memset@n                                cstackCOMRAM 000030
i2memset@p                                cstackCOMRAM 000032
i2memset@p1                               cstackCOMRAM 00002C
int$flags                                 temp         000057
intlevel0                                 text         000000
intlevel1                                 text         000000
intlevel2                                 text         000000
intlevel3                                 text         000000
memcpy@d                                  cstackCOMRAM 000032
memcpy@d1                                 cstackCOMRAM 00002C
memcpy@n                                  cstackCOMRAM 000030
memcpy@s                                  cstackCOMRAM 000034
memcpy@s1                                 cstackCOMRAM 00002E
memset@c                                  cstackBANK0  0000E7
memset@n                                  cstackBANK0  0000E9
memset@p                                  cstackBANK0  0000EB
memset@p1                                 cstackBANK0  0000E5
putUSBUSART@data                          cstackBANK0  0000E5
putUSBUSART@length                        cstackBANK0  0000E7
stackhi                                   (abs)        0001FF
stacklo                                   (abs)        000140
start                                     init         000082
start_initialization                      cinit        001FB8


FUNCTION INFORMATION:

 *************** function _main *****************
 Defined at:
		line 45 in file "main.c"
 Parameters:    Size  Location     Type
		None
 Auto vars:     Size  Location     Type
		None
 Return value:  Size  Location     Type
                  1    wreg      void 
 Registers used:
		wreg, fsr1l, fsr1h, fsr2l, fsr2h, status,2, status,0, prodl, prodh, cstack
 Tracked objects:
		On entry : 
		On exit  : 
		Unchanged: 
 Data sizes:     COMRAM   BANK0   BANK1   BANK2
      Params:         0       0       0       0
      Locals:         0       0       0       0
      Temps:          0       0       0       0
      Totals:         0       0       0       0
Total ram usage:        0 bytes
 Hardware stack levels required when called:   14
 This function calls:
		_APP_DeviceCDCEmulatorTasks
		_SYSTEM_Initialize
		_USBDeviceAttach
		_USBDeviceInit
 This function is called by:
		Startup code after reset
 This function uses a non-reentrant model


 *************** function _USBDeviceInit *****************
 Defined at:
		line 277 in file "usb/usb_device.c"
 Parameters:    Size  Location     Type
		None
 Auto vars:     Size  Location     Type
  i               1    8[BANK0 ] unsigned char 
 Return value:  Size  Location     Type
                  1    wreg      void 
 Registers used:
		wreg, fsr2l, fsr2h, status,2, status,0, prodl, prodh, cstack
 Tracked objects:
		On entry : 
		On exit  : 
		Unchanged: 
 Data sizes:     COMRAM   BANK0   BANK1   BANK2
      Params:         0       0       0       0
      Locals:         0       1       0       0
      Temps:          0       0       0       0
      Totals:         0       1       0       0
Total ram usage:        1 bytes
 Hardware stack levels used:    1
 Hardware stack levels required when called:   12
 This function calls:
		_memset
 This function is called by:
		_main
 This function uses a non-reentrant model


 *************** function _memset *****************
 Defined at:
		line 8 in file "/Applications/microchip/xc8/v1.38/sources/common/memset.c"
 Parameters:    Size  Location     Type
  p1              2    0[BANK0 ] PTR void 
		 -> USBAlternateInterface(2), BDT(48), UEP1(1), 
  c               2    2[BANK0 ] int 
  n               2    4[BANK0 ] unsigned int 
 Auto vars:     Size  Location     Type
  p               2    6[BANK0 ] PTR unsigned char 
		 -> USBAlternateInterface(2), BDT(48), UEP1(1), 
 Return value:  Size  Location     Type
                  2    0[BANK0 ] PTR void 
 Registers used:
		wreg, fsr2l, fsr2h, status,2, status,0
 Tracked objects:
		On entry : 
		On exit  : 
		Unchanged: 
 Data sizes:     COMRAM   BANK0   BANK1   BANK2
      Params:         0       6       0       0
      Locals:         0       2       0       0
      Temps:          0       0       0       0
      Totals:         0       8       0       0
Total ram usage:        8 bytes
 Hardware stack levels used:    1
 Hardware stack levels required when called:   11
 This function calls:
		Nothing
 This function is called by:
		_USBDeviceInit
 This function uses a non-reentrant model


 *************** function _USBDeviceAttach *****************
 Defined at:
		line 1352 in file "usb/usb_device.c"
 Parameters:    Size  Location     Type
		None
 Auto vars:     Size  Location     Type
		None
 Return value:  Size  Location     Type
                  1    wreg      void 
 Registers used:
		wreg, status,2
 Tracked objects:
		On entry : 
		On exit  : 
		Unchanged: 
 Data sizes:     COMRAM   BANK0   BANK1   BANK2
      Params:         0       0       0       0
      Locals:         0       0       0       0
      Temps:          0       0       0       0
      Totals:         0       0       0       0
Total ram usage:        0 bytes
 Hardware stack levels used:    1
 Hardware stack levels required when called:   11
 This function calls:
		Nothing
 This function is called by:
		_main
 This function uses a non-reentrant model


 *************** function _SYSTEM_Initialize *****************
 Defined at:
		line 65 in file "system.c"
 Parameters:    Size  Location     Type
  state           1    wreg     enum E3632
 Auto vars:     Size  Location     Type
  state           1    1[BANK0 ] enum E3632
 Return value:  Size  Location     Type
                  1    wreg      void 
 Registers used:
		wreg, status,2, status,0, cstack
 Tracked objects:
		On entry : 
		On exit  : 
		Unchanged: 
 Data sizes:     COMRAM   BANK0   BANK1   BANK2
      Params:         0       0       0       0
      Locals:         0       1       0       0
      Temps:          0       0       0       0
      Totals:         0       1       0       0
Total ram usage:        1 bytes
 Hardware stack levels used:    1
 Hardware stack levels required when called:   12
 This function calls:
		_BUTTON_Enable
		_LED_Enable
 This function is called by:
		_main
 This function uses a non-reentrant model


 *************** function _LED_Enable *****************
 Defined at:
		line 220 in file "bsp/leds.c"
 Parameters:    Size  Location     Type
  led             1    wreg     enum E2
 Auto vars:     Size  Location     Type
  led             1    0[BANK0 ] enum E2
 Return value:  Size  Location     Type
                  1    wreg      void 
 Registers used:
		wreg, status,2, status,0
 Tracked objects:
		On entry : 
		On exit  : 
		Unchanged: 
 Data sizes:     COMRAM   BANK0   BANK1   BANK2
      Params:         0       0       0       0
      Locals:         0       1       0       0
      Temps:          0       0       0       0
      Totals:         0       1       0       0
Total ram usage:        1 bytes
 Hardware stack levels used:    1
 Hardware stack levels required when called:   11
 This function calls:
		Nothing
 This function is called by:
		_SYSTEM_Initialize
 This function uses a non-reentrant model


 *************** function _BUTTON_Enable *****************
 Defined at:
		line 85 in file "bsp/buttons.c"
 Parameters:    Size  Location     Type
  button          1    wreg     enum E3600
 Auto vars:     Size  Location     Type
  button          1    0[BANK0 ] enum E3600
 Return value:  Size  Location     Type
                  1    wreg      void 
 Registers used:
		wreg, status,2, status,0
 Tracked objects:
		On entry : 
		On exit  : 
		Unchanged: 
 Data sizes:     COMRAM   BANK0   BANK1   BANK2
      Params:         0       0       0       0
      Locals:         0       1       0       0
      Temps:          0       0       0       0
      Totals:         0       1       0       0
Total ram usage:        1 bytes
 Hardware stack levels used:    1
 Hardware stack levels required when called:   11
 This function calls:
		Nothing
 This function is called by:
		_SYSTEM_Initialize
 This function uses a non-reentrant model


 *************** function _APP_DeviceCDCEmulatorTasks *****************
 Defined at:
		line 103 in file "app_device_cdc_to_uart.c"
 Parameters:    Size  Location     Type
		None
 Auto vars:     Size  Location     Type
		None
 Return value:  Size  Location     Type
                  1    wreg      void 
 Registers used:
		wreg, fsr1l, fsr1h, fsr2l, fsr2h, status,2, status,0, prodl, prodh, cstack
 Tracked objects:
		On entry : 
		On exit  : 
		Unchanged: 
 Data sizes:     COMRAM   BANK0   BANK1   BANK2
      Params:         0       0       0       0
      Locals:         0       0       0       0
      Temps:          0       0       0       0
      Totals:         0       0       0       0
Total ram usage:        0 bytes
 Hardware stack levels used:    1
 Hardware stack levels required when called:   13
 This function calls:
		_CDCTxService
		_USART_getcUSART
		_USART_putcUSART
		_getsUSBUSART
		_putUSBUSART
 This function is called by:
		_main
 This function uses a non-reentrant model


 *************** function _putUSBUSART *****************
 Defined at:
		line 556 in file "usb/usb_device_cdc.c"
 Parameters:    Size  Location     Type
  data            2    0[BANK0 ] PTR unsigned char 
		 -> USB_Out_Buffer(64), 
  length          1    2[BANK0 ] unsigned char 
 Auto vars:     Size  Location     Type
		None
 Return value:  Size  Location     Type
                  1    wreg      void 
 Registers used:
		wreg, status,2, status,0
 Tracked objects:
		On entry : 
		On exit  : 
		Unchanged: 
 Data sizes:     COMRAM   BANK0   BANK1   BANK2
      Params:         0       3       0       0
      Locals:         0       0       0       0
      Temps:          0       0       0       0
      Totals:         0       3       0       0
Total ram usage:        3 bytes
 Hardware stack levels used:    1
 Hardware stack levels required when called:   11
 This function calls:
		Nothing
 This function is called by:
		_APP_DeviceCDCEmulatorTasks
 This function uses a non-reentrant model


 *************** function _getsUSBUSART *****************
 Defined at:
		line 485 in file "usb/usb_device_cdc.c"
 Parameters:    Size  Location     Type
  buffer          2   11[BANK0 ] PTR unsigned char 
		 -> RS232_Out_Data(64), 
  len             1   13[BANK0 ] unsigned char 
 Auto vars:     Size  Location     Type
		None
 Return value:  Size  Location     Type
                  1    wreg      unsigned char 
 Registers used:
		wreg, fsr1l, fsr1h, fsr2l, fsr2h, status,2, status,0, prodl, prodh, cstack
 Tracked objects:
		On entry : 
		On exit  : 
		Unchanged: 
 Data sizes:     COMRAM   BANK0   BANK1   BANK2
      Params:         0       3       0       0
      Locals:         0       0       0       0
      Temps:          0       1       0       0
      Totals:         0       4       0       0
Total ram usage:        4 bytes
 Hardware stack levels used:    1
 Hardware stack levels required when called:   12
 This function calls:
		_USBTransferOnePacket
 This function is called by:
		_APP_DeviceCDCEmulatorTasks
 This function uses a non-reentrant model


 *************** function _USART_putcUSART *****************
 Defined at:
		line 80 in file "bsp/usart.c"
 Parameters:    Size  Location     Type
  c               1    wreg     unsigned char 
 Auto vars:     Size  Location     Type
  c               1    0[BANK0 ] unsigned char 
 Return value:  Size  Location     Type
                  1    wreg      void 
 Registers used:
		wreg
 Tracked objects:
		On entry : 
		On exit  : 
		Unchanged: 
 Data sizes:     COMRAM   BANK0   BANK1   BANK2
      Params:         0       0       0       0
      Locals:         0       1       0       0
      Temps:          0       0       0       0
      Totals:         0       1       0       0
Total ram usage:        1 bytes
 Hardware stack levels used:    1
 Hardware stack levels required when called:   11
 This function calls:
		Nothing
 This function is called by:
		_APP_DeviceCDCEmulatorTasks
 This function uses a non-reentrant model


 *************** function _USART_getcUSART *****************
 Defined at:
		line 160 in file "bsp/usart.c"
 Parameters:    Size  Location     Type
		None
 Auto vars:     Size  Location     Type
  c               1    0[BANK0 ] unsigned char 
 Return value:  Size  Location     Type
                  1    wreg      unsigned char 
 Registers used:
		wreg, status,2
 Tracked objects:
		On entry : 
		On exit  : 
		Unchanged: 
 Data sizes:     COMRAM   BANK0   BANK1   BANK2
      Params:         0       0       0       0
      Locals:         0       1       0       0
      Temps:          0       0       0       0
      Totals:         0       1       0       0
Total ram usage:        1 bytes
 Hardware stack levels used:    1
 Hardware stack levels required when called:   11
 This function calls:
		Nothing
 This function is called by:
		_APP_DeviceCDCEmulatorTasks
 This function uses a non-reentrant model


 *************** function _CDCTxService *****************
 Defined at:
		line 836 in file "usb/usb_device_cdc.c"
 Parameters:    Size  Location     Type
		None
 Auto vars:     Size  Location     Type
  byte_to_send    1   12[BANK0 ] unsigned char 
  i               1   11[BANK0 ] unsigned char 
 Return value:  Size  Location     Type
                  1    wreg      void 
 Registers used:
		wreg, fsr1l, fsr1h, fsr2l, fsr2h, status,2, status,0, prodl, prodh, cstack
 Tracked objects:
		On entry : 
		On exit  : 
		Unchanged: 
 Data sizes:     COMRAM   BANK0   BANK1   BANK2
      Params:         0       0       0       0
      Locals:         0       2       0       0
      Temps:          0       0       0       0
      Totals:         0       2       0       0
Total ram usage:        2 bytes
 Hardware stack levels used:    1
 Hardware stack levels required when called:   12
 This function calls:
		_USBTransferOnePacket
 This function is called by:
		_APP_DeviceCDCEmulatorTasks
 This function uses a non-reentrant model


 *************** function _USBTransferOnePacket *****************
 Defined at:
		line 995 in file "usb/usb_device.c"
 Parameters:    Size  Location     Type
  ep              1    wreg     unsigned char 
  dir             1    0[BANK0 ] unsigned char 
  data            2    1[BANK0 ] PTR unsigned char 
		 -> cdc_data_tx(64), cdc_data_rx(64), NULL(0), 
  len             1    3[BANK0 ] unsigned char 
 Auto vars:     Size  Location     Type
  ep              1    8[BANK0 ] unsigned char 
  handle          2    9[BANK0 ] PTR volatile struct __BD
		 -> RAM(767), NULL(0), BDT(48), 
 Return value:  Size  Location     Type
                  2    0[BANK0 ] PTR void 
 Registers used:
		wreg, fsr2l, fsr2h, status,2, status,0, prodl, prodh
 Tracked objects:
		On entry : 
		On exit  : 
		Unchanged: 
 Data sizes:     COMRAM   BANK0   BANK1   BANK2
      Params:         0       4       0       0
      Locals:         0       3       0       0
      Temps:          0       4       0       0
      Totals:         0      11       0       0
Total ram usage:       11 bytes
 Hardware stack levels used:    1
 Hardware stack levels required when called:   11
 This function calls:
		Nothing
 This function is called by:
		_getsUSBUSART
		_CDCTxService
		_USBCDCEventHandler
 This function uses a non-reentrant model


 *************** function _SYS_InterruptHigh *****************
 Defined at:
		line 85 in file "system.c"
 Parameters:    Size  Location     Type
		None
 Auto vars:     Size  Location     Type
		None
 Return value:  Size  Location     Type
                  1    wreg      void 
 Registers used:
		wreg, fsr1l, fsr1h, fsr2l, fsr2h, status,2, status,0, pclat, tosl, tblptrl, tblptrh, tblptru, prodl, prodh, cstack
 Tracked objects:
		On entry : 
		On exit  : 
		Unchanged: 
 Data sizes:     COMRAM   BANK0   BANK1   BANK2
      Params:         0       0       0       0
      Locals:         0       0       0       0
      Temps:         14       0       0       0
      Totals:        14       0       0       0
Total ram usage:       14 bytes
 Hardware stack levels used:    1
 Hardware stack levels required when called:   10
 This function calls:
		_USBDeviceTasks
 This function is called by:
		Interrupt level 2
 This function uses a non-reentrant model


 *************** function _USBDeviceTasks *****************
 Defined at:
		line 477 in file "usb/usb_device.c"
 Parameters:    Size  Location     Type
		None
 Auto vars:     Size  Location     Type
  i               1   28[COMRAM] unsigned char 
 Return value:  Size  Location     Type
                  1    wreg      void 
 Registers used:
		wreg, fsr1l, fsr1h, fsr2l, fsr2h, status,2, status,0, pclat, tosl, tblptrl, tblptrh, tblptru, prodl, prodh, cstack
 Tracked objects:
		On entry : 
		On exit  : 
		Unchanged: 
 Data sizes:     COMRAM   BANK0   BANK1   BANK2
      Params:         0       0       0       0
      Locals:         1       0       0       0
      Temps:          0       0       0       0
      Totals:         1       0       0       0
Total ram usage:        1 bytes
 Hardware stack levels used:    1
 Hardware stack levels required when called:    9
 This function calls:
		_USBCtrlEPAllowStatusStage
		_USBCtrlEPService
		_USBIncrement1msInternalTimers
		_USBStallHandler
		_USBSuspend
		_USBWakeFromSuspend
		_USER_USB_CALLBACK_EVENT_HANDLER
		i2_USBDeviceInit
 This function is called by:
		_SYS_InterruptHigh
 This function uses a non-reentrant model


 *************** function i2_USBDeviceInit *****************
 Defined at:
		line 277 in file "usb/usb_device.c"
 Parameters:    Size  Location     Type
		None
 Auto vars:     Size  Location     Type
  USBDeviceIni    1    8[COMRAM] unsigned char 
 Return value:  Size  Location     Type
                  1    wreg      void 
 Registers used:
		wreg, fsr2l, fsr2h, status,2, status,0, prodl, prodh, cstack
 Tracked objects:
		On entry : 
		On exit  : 
		Unchanged: 
 Data sizes:     COMRAM   BANK0   BANK1   BANK2
      Params:         0       0       0       0
      Locals:         1       0       0       0
      Temps:          0       0       0       0
      Totals:         1       0       0       0
Total ram usage:        1 bytes
 Hardware stack levels used:    1
 Hardware stack levels required when called:    1
 This function calls:
		i2_memset
 This function is called by:
		_USBDeviceTasks
 This function uses a non-reentrant model


 *************** function _USBWakeFromSuspend *****************
 Defined at:
		line 2303 in file "usb/usb_device.c"
 Parameters:    Size  Location     Type
		None
 Auto vars:     Size  Location     Type
		None
 Return value:  Size  Location     Type
                  1    wreg      void 
 Registers used:
		wreg, fsr2l, fsr2h, status,2, status,0, prodl, prodh, cstack
 Tracked objects:
		On entry : 
		On exit  : 
		Unchanged: 
 Data sizes:     COMRAM   BANK0   BANK1   BANK2
      Params:         0       0       0       0
      Locals:         0       0       0       0
      Temps:          0       0       0       0
      Totals:         0       0       0       0
Total ram usage:        0 bytes
 Hardware stack levels used:    1
 Hardware stack levels required when called:    5
 This function calls:
		_USER_USB_CALLBACK_EVENT_HANDLER
 This function is called by:
		_USBDeviceTasks
 This function uses a non-reentrant model


 *************** function _USBSuspend *****************
 Defined at:
		line 2245 in file "usb/usb_device.c"
 Parameters:    Size  Location     Type
		None
 Auto vars:     Size  Location     Type
		None
 Return value:  Size  Location     Type
                  1    wreg      void 
 Registers used:
		wreg, fsr2l, fsr2h, status,2, status,0, prodl, prodh, cstack
 Tracked objects:
		On entry : 
		On exit  : 
		Unchanged: 
 Data sizes:     COMRAM   BANK0   BANK1   BANK2
      Params:         0       0       0       0
      Locals:         0       0       0       0
      Temps:          0       0       0       0
      Totals:         0       0       0       0
Total ram usage:        0 bytes
 Hardware stack levels used:    1
 Hardware stack levels required when called:    5
 This function calls:
		_USER_USB_CALLBACK_EVENT_HANDLER
 This function is called by:
		_USBDeviceTasks
 This function uses a non-reentrant model


 *************** function _USBStallHandler *****************
 Defined at:
		line 2202 in file "usb/usb_device.c"
 Parameters:    Size  Location     Type
		None
 Auto vars:     Size  Location     Type
		None
 Return value:  Size  Location     Type
                  1    wreg      void 
 Registers used:
		wreg, fsr2l, fsr2h, status,2, status,0
 Tracked objects:
		On entry : 
		On exit  : 
		Unchanged: 
 Data sizes:     COMRAM   BANK0   BANK1   BANK2
      Params:         0       0       0       0
      Locals:         0       0       0       0
      Temps:          1       0       0       0
      Totals:         1       0       0       0
Total ram usage:        1 bytes
 Hardware stack levels used:    1
 This function calls:
		Nothing
 This function is called by:
		_USBDeviceTasks
 This function uses a non-reentrant model


 *************** function _USBIncrement1msInternalTimers *****************
 Defined at:
		line 3025 in file "usb/usb_device.c"
 Parameters:    Size  Location     Type
		None
 Auto vars:     Size  Location     Type
		None
 Return value:  Size  Location     Type
                  1    wreg      void 
 Registers used:
		wreg, status,2, status,0
 Tracked objects:
		On entry : 
		On exit  : 
		Unchanged: 
 Data sizes:     COMRAM   BANK0   BANK1   BANK2
      Params:         0       0       0       0
      Locals:         0       0       0       0
      Temps:          0       0       0       0
      Totals:         0       0       0       0
Total ram usage:        0 bytes
 Hardware stack levels used:    1
 This function calls:
		Nothing
 This function is called by:
		_USBDeviceTasks
 This function uses a non-reentrant model


 *************** function _USBCtrlEPService *****************
 Defined at:
		line 2372 in file "usb/usb_device.c"
 Parameters:    Size  Location     Type
		None
 Auto vars:     Size  Location     Type
		None
 Return value:  Size  Location     Type
                  1    wreg      void 
 Registers used:
		wreg, fsr1l, fsr1h, fsr2l, fsr2h, status,2, status,0, pclat, tosl, tblptrl, tblptrh, tblptru, prodl, prodh, cstack
 Tracked objects:
		On entry : 
		On exit  : 
		Unchanged: 
 Data sizes:     COMRAM   BANK0   BANK1   BANK2
      Params:         0       0       0       0
      Locals:         0       0       0       0
      Temps:          1       0       0       0
      Totals:         1       0       0       0
Total ram usage:        1 bytes
 Hardware stack levels used:    1
 Hardware stack levels required when called:    8
 This function calls:
		_USBCtrlTrfInHandler
		_USBCtrlTrfOutHandler
		_USBCtrlTrfSetupHandler
		_memcpy
 This function is called by:
		_USBDeviceTasks
 This function uses a non-reentrant model


 *************** function _memcpy *****************
 Defined at:
		line 11 in file "/Applications/microchip/xc8/v1.38/sources/common/memcpy.c"
 Parameters:    Size  Location     Type
  d1              2    0[COMRAM] PTR void 
		 -> SetupPkt(8), 
  s1              2    2[COMRAM] PTR const void 
		 -> cdc_data_tx(64), cdc_data_rx(64), CtrlTrfData(8), RAM(767), 
		 -> SetupPkt(8), NULL(0), 
  n               2    4[COMRAM] unsigned int 
 Auto vars:     Size  Location     Type
  s               2    8[COMRAM] PTR const unsigned char 
		 -> cdc_data_tx(64), cdc_data_rx(64), CtrlTrfData(8), RAM(767), 
		 -> SetupPkt(8), NULL(0), 
  d               2    6[COMRAM] PTR unsigned char 
		 -> SetupPkt(8), 
 Return value:  Size  Location     Type
                  2    0[COMRAM] PTR void 
 Registers used:
		wreg, fsr1l, fsr1h, fsr2l, fsr2h, status,2, status,0
 Tracked objects:
		On entry : 
		On exit  : 
		Unchanged: 
 Data sizes:     COMRAM   BANK0   BANK1   BANK2
      Params:         6       0       0       0
      Locals:         4       0       0       0
      Temps:          0       0       0       0
      Totals:        10       0       0       0
Total ram usage:       10 bytes
 Hardware stack levels used:    1
 This function calls:
		Nothing
 This function is called by:
		_USBCtrlEPService
 This function uses a non-reentrant model


 *************** function _USBCtrlTrfSetupHandler *****************
 Defined at:
		line 2465 in file "usb/usb_device.c"
 Parameters:    Size  Location     Type
		None
 Auto vars:     Size  Location     Type
		None
 Return value:  Size  Location     Type
                  1    wreg      void 
 Registers used:
		wreg, fsr1l, fsr1h, fsr2l, fsr2h, status,2, status,0, tblptrl, tblptrh, tblptru, prodl, prodh, cstack
 Tracked objects:
		On entry : 
		On exit  : 
		Unchanged: 
 Data sizes:     COMRAM   BANK0   BANK1   BANK2
      Params:         0       0       0       0
      Locals:         0       0       0       0
      Temps:          0       0       0       0
      Totals:         0       0       0       0
Total ram usage:        0 bytes
 Hardware stack levels used:    1
 Hardware stack levels required when called:    7
 This function calls:
		_USBCheckStdRequest
		_USBCtrlEPServiceComplete
		_USER_USB_CALLBACK_EVENT_HANDLER
 This function is called by:
		_USBCtrlEPService
 This function uses a non-reentrant model


 *************** function _USBCtrlEPServiceComplete *****************
 Defined at:
		line 1616 in file "usb/usb_device.c"
 Parameters:    Size  Location     Type
		None
 Auto vars:     Size  Location     Type
		None
 Return value:  Size  Location     Type
                  1    wreg      void 
 Registers used:
		wreg, fsr1l, fsr1h, fsr2l, fsr2h, status,2, status,0, tblptrl, tblptrh, tblptru, cstack
 Tracked objects:
		On entry : 
		On exit  : 
		Unchanged: 
[...]
 This function uses a non-reentrant model


 *************** function _APP_LEDUpdateUSBStatus *****************
 Defined at:
		line 50 in file "app_led_usb_status.c"
 Parameters:    Size  Location     Type
		None
 Auto vars:     Size  Location     Type
		None
 Return value:  Size  Location     Type
                  1    wreg      void 
 Registers used:
		wreg, status,2, status,0, cstack
 Tracked objects:
		On entry : 
		On exit  : 
		Unchanged: 
 Data sizes:     COMRAM   BANK0   BANK1   BANK2
      Params:         0       0       0       0
      Locals:         0       0       0       0
      Temps:          0       0       0       0
      Totals:         0       0       0       0
Total ram usage:        0 bytes
 Hardware stack levels used:    1
 Hardware stack levels required when called:    1
 This function calls:
		_LED_Off
		_LED_On
 This function is called by:
		_USER_USB_CALLBACK_EVENT_HANDLER
 This function uses a non-reentrant model


 *************** function _LED_On *****************
 Defined at:
		line 59 in file "bsp/leds.c"
 Parameters:    Size  Location     Type
  led             1    wreg     enum E2
 Auto vars:     Size  Location     Type
  led             1    0[COMRAM] enum E2
 Return value:  Size  Location     Type
                  1    wreg      void 
 Registers used:
		wreg, status,2, status,0
 Tracked objects:
		On entry : 
		On exit  : 
		Unchanged: 
 Data sizes:     COMRAM   BANK0   BANK1   BANK2
      Params:         0       0       0       0
      Locals:         1       0       0       0
      Temps:          0       0       0       0
      Totals:         1       0       0       0
Total ram usage:        1 bytes
 Hardware stack levels used:    1
 This function calls:
		Nothing
 This function is called by:
		_APP_LEDUpdateUSBStatus
 This function uses a non-reentrant model


 *************** function _LED_Off *****************
 Defined at:
		line 100 in file "bsp/leds.c"
 Parameters:    Size  Location     Type
  led             1    wreg     enum E2
 Auto vars:     Size  Location     Type
  led             1    0[COMRAM] enum E2
 Return value:  Size  Location     Type
                  1    wreg      void 
 Registers used:
		wreg, status,2, status,0
 Tracked objects:
		On entry : 
		On exit  : 
		Unchanged: 
 Data sizes:     COMRAM   BANK0   BANK1   BANK2
      Params:         0       0       0       0
      Locals:         1       0       0       0
      Temps:          0       0       0       0
      Totals:         1       0       0       0
Total ram usage:        1 bytes
 Hardware stack levels used:    1
 This function calls:
		Nothing
 This function is called by:
		_APP_LEDUpdateUSBStatus
 This function uses a non-reentrant model


 *************** function _APP_DeviceCDCEmulatorInitialize *****************
 Defined at:
		line 61 in file "app_device_cdc_to_uart.c"
 Parameters:    Size  Location     Type
		None
 Auto vars:     Size  Location     Type
  i               1   12[COMRAM] unsigned char 
 Return value:  Size  Location     Type
                  1    wreg      void 
 Registers used:
		wreg, fsr2l, fsr2h, status,2, status,0, prodl, prodh, cstack
 Tracked objects:
		On entry : 
		On exit  : 
		Unchanged: 
 Data sizes:     COMRAM   BANK0   BANK1   BANK2
      Params:         0       0       0       0
      Locals:         1       0       0       0
      Temps:          0       0       0       0
      Totals:         1       0       0       0
Total ram usage:        1 bytes
 Hardware stack levels used:    1
 Hardware stack levels required when called:    3
 This function calls:
		_CDCInitEP
		_USART_Initialize
 This function is called by:
		_USER_USB_CALLBACK_EVENT_HANDLER
 This function uses a non-reentrant model


 *************** function _CDCInitEP *****************
 Defined at:
		line 294 in file "usb/usb_device_cdc.c"
 Parameters:    Size  Location     Type
		None
 Auto vars:     Size  Location     Type
		None
 Return value:  Size  Location     Type
                  1    wreg      void 
 Registers used:
		wreg, fsr2l, fsr2h, status,2, status,0, prodl, prodh, cstack
 Tracked objects:
		On entry : 
		On exit  : 
		Unchanged: 
 Data sizes:     COMRAM   BANK0   BANK1   BANK2
      Params:         0       0       0       0
      Locals:         0       0       0       0
      Temps:          0       0       0       0
      Totals:         0       0       0       0
Total ram usage:        0 bytes
 Hardware stack levels used:    1
 Hardware stack levels required when called:    2
 This function calls:
		_USBEnableEndpoint
		i2_USBTransferOnePacket
 This function is called by:
		_APP_DeviceCDCEmulatorInitialize
 This function uses a non-reentrant model


 *************** function i2_USBTransferOnePacket *****************
 Defined at:
		line 995 in file "usb/usb_device.c"
 Parameters:    Size  Location     Type
  ep              1    wreg     unsigned char 
  dir             1    0[COMRAM] unsigned char 
  data            2    1[COMRAM] PTR unsigned char 
		 -> cdc_data_tx(64), cdc_data_rx(64), NULL(0), 
  len             1    3[COMRAM] unsigned char 
 Auto vars:     Size  Location     Type
  ep              1    8[COMRAM] unsigned char 
  USBTransferO    2    9[COMRAM] PTR volatile struct __BD
		 -> RAM(767), NULL(0), BDT(48), 
 Return value:  Size  Location     Type
                  2    0[COMRAM] PTR void 
 Registers used:
		wreg, fsr2l, fsr2h, status,2, status,0, prodl, prodh
 Tracked objects:
		On entry : 
		On exit  : 
		Unchanged: 
 Data sizes:     COMRAM   BANK0   BANK1   BANK2
      Params:         4       0       0       0
      Locals:         3       0       0       0
      Temps:          4       0       0       0
      Totals:        11       0       0       0
Total ram usage:       11 bytes
 Hardware stack levels used:    1
 This function calls:
		Nothing
 This function is called by:
		_CDCInitEP
 This function uses a non-reentrant model


 *************** function _USBEnableEndpoint *****************
 Defined at:
		line 878 in file "usb/usb_device.c"
 Parameters:    Size  Location     Type
  ep              1    wreg     unsigned char 
  options         1    8[COMRAM] unsigned char 
 Auto vars:     Size  Location     Type
  ep              1   11[COMRAM] unsigned char 
  p               2    9[COMRAM] PTR unsigned char 
		 -> UEP0(1), 
 Return value:  Size  Location     Type
                  1    wreg      void 
 Registers used:
		wreg, fsr2l, fsr2h, status,2, status,0, prodl, prodh, cstack
 Tracked objects:
		On entry : 
		On exit  : 
		Unchanged: 
 Data sizes:     COMRAM   BANK0   BANK1   BANK2
      Params:         1       0       0       0
      Locals:         3       0       0       0
      Temps:          0       0       0       0
      Totals:         4       0       0       0
Total ram usage:        4 bytes
 Hardware stack levels used:    1
 Hardware stack levels required when called:    1
 This function calls:
		_USBConfigureEndpoint
 This function is called by:
		_CDCInitEP
 This function uses a non-reentrant model


 *************** function _USBConfigureEndpoint *****************
 Defined at:
		line 1543 in file "usb/usb_device.c"
 Parameters:    Size  Location     Type
  EPNum           1    wreg     unsigned char 
  direction       1    0[COMRAM] unsigned char 
 Auto vars:     Size  Location     Type
  EPNum           1    5[COMRAM] unsigned char 
  handle          2    6[COMRAM] PTR volatile struct __BD
		 -> BDT(48), 
 Return value:  Size  Location     Type
                  1    wreg      void 
 Registers used:
		wreg, fsr2l, fsr2h, status,2, status,0, prodl, prodh
 Tracked objects:
		On entry : 
		On exit  : 
		Unchanged: 
 Data sizes:     COMRAM   BANK0   BANK1   BANK2
      Params:         1       0       0       0
      Locals:         3       0       0       0
      Temps:          4       0       0       0
      Totals:         8       0       0       0
Total ram usage:        8 bytes
 Hardware stack levels used:    1
 This function calls:
		Nothing
 This function is called by:
		_USBEnableEndpoint
 This function uses a non-reentrant model


 *************** function _USBCtrlTrfOutHandler *****************
 Defined at:
		line 2538 in file "usb/usb_device.c"
 Parameters:    Size  Location     Type
		None
 Auto vars:     Size  Location     Type
		None
 Return value:  Size  Location     Type
                  1    wreg      void 
 Registers used:
		wreg, fsr1l, fsr1h, fsr2l, fsr2h, status,2, status,0, pclat, tosl, prodl, prodh, cstack
 Tracked objects:
		On entry : 
		On exit  : 
		Unchanged: 
 Data sizes:     COMRAM   BANK0   BANK1   BANK2
      Params:         0       0       0       0
      Locals:         0       0       0       0
      Temps:          0       0       0       0
      Totals:         0       0       0       0
Total ram usage:        0 bytes
 Hardware stack levels used:    1
 Hardware stack levels required when called:    3
 This function calls:
		_USBCtrlTrfRxService
 This function is called by:
		_USBCtrlEPService
 This function uses a non-reentrant model


 *************** function _USBCtrlTrfRxService *****************
 Defined at:
		line 1852 in file "usb/usb_device.c"
 Parameters:    Size  Location     Type
		None
 Auto vars:     Size  Location     Type
  byteToRead      1   18[COMRAM] unsigned char 
  i               1   17[COMRAM] unsigned char 
 Return value:  Size  Location     Type
                  1    wreg      void 
 Registers used:
		wreg, fsr1l, fsr1h, fsr2l, fsr2h, status,2, status,0, pclat, tosl, prodl, prodh, cstack
 Tracked objects:
		On entry : 
		On exit  : 
		Unchanged: 
 Data sizes:     COMRAM   BANK0   BANK1   BANK2
      Params:         0       0       0       0
      Locals:         2       0       0       0
      Temps:          0       0       0       0
      Totals:         2       0       0       0
Total ram usage:        2 bytes
 Hardware stack levels used:    1
 Hardware stack levels required when called:    2
 This function calls:
		_USART_mySetLineCodingHandler
		_USBCtrlEPAllowStatusStage
 This function is called by:
		_USBCtrlTrfOutHandler
 This function uses a non-reentrant model


 *************** function _USBCtrlEPAllowStatusStage *****************
 Defined at:
		line 1416 in file "usb/usb_device.c"
 Parameters:    Size  Location     Type
		None
 Auto vars:     Size  Location     Type
		None
 Return value:  Size  Location     Type
                  1    wreg      void 
 Registers used:
		wreg, fsr2l, fsr2h, status,2, status,0
 Tracked objects:
		On entry : 
		On exit  : 
		Unchanged: 
 Data sizes:     COMRAM   BANK0   BANK1   BANK2
      Params:         0       0       0       0
      Locals:         0       0       0       0
      Temps:          0       0       0       0
      Totals:         0       0       0       0
Total ram usage:        0 bytes
 Hardware stack levels used:    1
 This function calls:
		Nothing
 This function is called by:
		_USBDeviceTasks
		_USBCtrlEPServiceComplete
		_USBCtrlTrfRxService
 This function uses a non-reentrant model


 *************** function _USBCtrlTrfInHandler *****************
 Defined at:
		line 2592 in file "usb/usb_device.c"
 Parameters:    Size  Location     Type
		None
 Auto vars:     Size  Location     Type
  lastDTS         1   17[COMRAM] unsigned char 
 Return value:  Size  Location     Type
                  1    wreg      void 
 Registers used:
		wreg, fsr1l, fsr1h, fsr2l, fsr2h, status,2, status,0, pclat, tosl, tblptrl, tblptrh, tblptru, cstack
 Tracked objects:
		On entry : 
		On exit  : 
		Unchanged: 
 Data sizes:     COMRAM   BANK0   BANK1   BANK2
      Params:         0       0       0       0
      Locals:         1       0       0       0
      Temps:          0       0       0       0
      Totals:         1       0       0       0
Total ram usage:        1 bytes
 Hardware stack levels used:    1
 Hardware stack levels required when called:    2
 This function calls:
		_USART_mySetLineCodingHandler
		_USBCtrlTrfTxService
 This function is called by:
		_USBCtrlEPService
 This function uses a non-reentrant model


 *************** function _USBCtrlTrfTxService *****************
 Defined at:
		line 1771 in file "usb/usb_device.c"
 Parameters:    Size  Location     Type
		None
 Auto vars:     Size  Location     Type
  byteToSend      1    0[COMRAM] unsigned char 
 Return value:  Size  Location     Type
                  1    wreg      void 
 Registers used:
		wreg, fsr1l, fsr1h, fsr2l, fsr2h, status,2, status,0, tblptrl, tblptrh, tblptru
 Tracked objects:
		On entry : 
		On exit  : 
		Unchanged: 
 Data sizes:     COMRAM   BANK0   BANK1   BANK2
      Params:         0       0       0       0
      Locals:         1       0       0       0
      Temps:          0       0       0       0
      Totals:         1       0       0       0
Total ram usage:        1 bytes
 Hardware stack levels used:    1
 This function calls:
		Nothing
 This function is called by:
		_USBCtrlEPAllowDataStage
		_USBCtrlTrfInHandler
 This function uses a non-reentrant model


 *************** function _USART_mySetLineCodingHandler *****************
 Defined at:
		line 106 in file "bsp/usart.c"
 Parameters:    Size  Location     Type
		None
 Auto vars:     Size  Location     Type
  dwBaud          4   13[COMRAM] unsigned long 
 Return value:  Size  Location     Type
                  1    wreg      void 
 Registers used:
		wreg, status,2, status,0, cstack
 Tracked objects:
		On entry : 
		On exit  : 
		Unchanged: 
 Data sizes:     COMRAM   BANK0   BANK1   BANK2
      Params:         0       0       0       0
      Locals:         4       0       0       0
      Temps:          0       0       0       0
      Totals:         4       0       0       0
Total ram usage:        4 bytes
 Hardware stack levels used:    1
 Hardware stack levels required when called:    1
 This function calls:
		_USART_Initialize
		___lldiv
 This function is called by:
		_USBCheckCDCRequest
		_USBCtrlTrfRxService
		_USBCtrlTrfInHandler
 This function uses a non-reentrant model


 *************** function ___lldiv *****************
 Defined at:
		line 8 in file "/Applications/microchip/xc8/v1.38/sources/common/lldiv.c"
 Parameters:    Size  Location     Type
  dividend        4    0[COMRAM] unsigned long 
  divisor         4    4[COMRAM] unsigned long 
 Auto vars:     Size  Location     Type
  quotient        4    8[COMRAM] unsigned long 
  counter         1   12[COMRAM] unsigned char 
 Return value:  Size  Location     Type
                  4    0[COMRAM] unsigned long 
 Registers used:
		wreg, status,2, status,0
 Tracked objects:
		On entry : 
		On exit  : 
		Unchanged: 
 Data sizes:     COMRAM   BANK0   BANK1   BANK2
      Params:         8       0       0       0
      Locals:         5       0       0       0
      Temps:          0       0       0       0
      Totals:        13       0       0       0
Total ram usage:       13 bytes
 Hardware stack levels used:    1
 This function calls:
		Nothing
 This function is called by:
		_USART_mySetLineCodingHandler
 This function uses a non-reentrant model


 *************** function _USART_Initialize *****************
 Defined at:
		line 46 in file "bsp/usart.c"
 Parameters:    Size  Location     Type
		None
 Auto vars:     Size  Location     Type
  c               1    0[COMRAM] unsigned char 
 Return value:  Size  Location     Type
                  1    wreg      void 
 Registers used:
		wreg, status,2
 Tracked objects:
		On entry : 
		On exit  : 
		Unchanged: 
 Data sizes:     COMRAM   BANK0   BANK1   BANK2
      Params:         0       0       0       0
      Locals:         1       0       0       0
      Temps:          0       0       0       0
      Totals:         1       0       0       0
Total ram usage:        1 bytes
 Hardware stack levels used:    1
 This function calls:
		Nothing
 This function is called by:
		_USART_mySetLineCodingHandler
		_APP_DeviceCDCEmulatorInitialize
 This function uses a non-reentrant model



MODULE INFORMATION

Module		Function		Class		Link	Load	Size
bsp/leds.c
		_LED_Off       		CODE           	1F4E	0000	55
		_LED_On        		CODE           	1F18	0000	55
		_LED_Enable    		CODE           	1EDE	0000	59

bsp/leds.c estimated size: 169

/Applications/microchip/xc8/v1.38/sources/common/memcpy.c
		_memcpy        		CODE           	1E62	0000	65

/Applications/microchip/xc8/v1.38/sources/common/memcpy.c estimated size: 65

/Applications/microchip/xc8/v1.38/sources/common/lldiv.c
		___lldiv       		CODE           	1B2E	0000	131

/Applications/microchip/xc8/v1.38/sources/common/lldiv.c estimated size: 131

bsp/usart.c
		_USART_getcUSART		CODE           	212E	0000	25
		_USART_Initialize		CODE           	2146	0000	25
		_USART_putcUSART		CODE           	2170	0000	11
		_USART_mySetLineCodingHandler		CODE           	1DC2	0000	91

bsp/usart.c estimated size: 152

app_led_usb_status.c
		_APP_LEDUpdateUSBStatus		CODE           	1BB0	0000	129

app_led_usb_status.c estimated size: 129

usb/usb_device.c
		_USBCtrlTrfInHandler		CODE           	105C	0000	251
		_USBTransferOnePacket		CODE           	0CF6	0000	309
		_USBDeviceAttach		CODE           	1FEA	0000	51
		_USBStdGetDscHandler		CODE           	0BBA	0000	317
		_USBCtrlEPAllowDataStage		CODE           	1966	0000	159
		_USBStdFeatureReqHandler		CODE           	03CC	0000	673
		_USBCtrlEPAllowStatusStage		CODE           	1686	0000	197
		_USBCtrlTrfSetupHandler		CODE           	18C0	0000	167
		_USBCtrlTrfOutHandler		CODE           	1D66	0000	93
		_USBCtrlEPServiceComplete		CODE           	1156	0000	245
		_USBSuspend    		CODE           	204E	0000	45
		_USBStdSetCfgHandler		CODE           	133C	0000	227
		_USBStdGetStatusHandler		CODE           	1806	0000	187
		_USBWakeFromSuspend		CODE           	201C	0000	51
		_USBCtrlTrfRxService		CODE           	0A7A	0000	321
		_USBCtrlTrfTxService		CODE           	141E	0000	213
		_USBEnableEndpoint		CODE           	1EA2	0000	61
		_USBConfigureEndpoint		CODE           	1A9A	0000	149
		_USBDeviceInit 		CODE           	066C	0000	369
		_USBIncrement1msInternalTimers		CODE           	2110	0000	31
		_USBCtrlEPService		CODE           	1A04	0000	151
		_USBStallHandler		CODE           	1E1C	0000	71
		_USBDeviceTasks		CODE           	0E2A	0000	305
		_USBCheckStdRequest		CODE           	124A	0000	243

usb/usb_device.c estimated size: 4886

app_device_cdc_to_uart.c
		_APP_DeviceCDCEmulatorInitialize		CODE           	1D08	0000	95
		_APP_DeviceCDCEmulatorTasks		CODE           	15C2	0000	197

app_device_cdc_to_uart.c estimated size: 292

usb/usb_device_cdc.c
		_CDCTxService  		CODE           	092E	0000	333
		_CDCInitEP     		CODE           	1CA2	0000	103
		_putUSBUSART   		CODE           	20CE	0000	35
		_getsUSBUSART  		CODE           	174A	0000	189
		_USBCheckCDCRequest		CODE           	14F2	0000	209

usb/usb_device_cdc.c estimated size: 869

shared
		_configDescriptor1		SMALLCONST     	0309	0000	68
		_USB_CD_Ptr    		SMALLCONST     	0307	0000	3
		_sd001         		SMALLCONST     	034C	0000	53
		_sd002         		SMALLCONST     	0380	0000	53
		i2_USBDeviceInit		CODE           	07DC	0000	339
		__initialization		CODE           	1FB8	0000	37
		_device_dsc    		SMALLCONST     	03B4	0000	19
		_USB_SD_Ptr    		SMALLCONST     	0301	0000	7
		i2_memset      		CODE           	207A	0000	45
		_sd000         		SMALLCONST     	03C6	0000	5
		i2_USBTransferOnePacket		CODE           	0F5A	0000	259

shared estimated size: 888

usb/usb_events.c
		_USER_USB_CALLBACK_EVENT_HANDLER		CODE           	1C30	0000	115

usb/usb_events.c estimated size: 115

bsp/buttons.c
		_BUTTON_Enable 		CODE           	215E	0000	19

bsp/buttons.c estimated size: 19

/Applications/microchip/xc8/v1.38/sources/common/memset.c
		_memset        		CODE           	1F84	0000	53

/Applications/microchip/xc8/v1.38/sources/common/memset.c estimated size: 53

main.c
		_main          		CODE           	20F0	0000	33

main.c estimated size: 33

system.c
		_SYS_InterruptHigh		CODE           	0008	0000	123
		_SYSTEM_Initialize		CODE           	20A6	0000	41

system.c estimated size: 164

