Microchip Technology Inc, v1.26 (A)

Tool Name:
  /Applications/microchip/xc16/v1.26/bin/bin/../bin/elf-ld

Command:
  -p24FJ64GB004 \
  -o \
  dist/default/production/BTKBD.X.production.elf \
  -L/Applications/microchip/xc16/v1.26/bin/bin/.. \
  -L/Applications/microchip/xc16/v1.26/bin/bin/../../lib \
  -L/Applications/microchip/xc16/v1.26/bin/bin/../../lib/PIC24E \
  -L/Applications/microchip/xc16/v1.26/bin/bin/../../support/PIC24E/gld \
  -L/Applications/microchip/xc16/v1.26/bin/bin/../../lib/PIC24F \
  -L/Applications/microchip/xc16/v1.26/bin/bin/../../support/PIC24F/gld \
  -L/Applications/microchip/xc16/v1.26/bin/bin/../../lib/PIC24H \
  -L/Applications/microchip/xc16/v1.26/bin/bin/../../support/PIC24H/gld \
  -L/Applications/microchip/xc16/v1.26/bin/bin/../../lib/dsPIC30F \
  -L/Applications/microchip/xc16/v1.26/bin/bin/../../support/dsPIC30F/gld \
  -L/Applications/microchip/xc16/v1.26/bin/bin/../../lib/dsPIC33E \
  -L/Applications/microchip/xc16/v1.26/bin/bin/../../support/dsPIC33E/gld \
  -L/Applications/microchip/xc16/v1.26/bin/bin/../../lib/dsPIC33F \
  -L/Applications/microchip/xc16/v1.26/bin/bin/../../support/dsPIC33F/gld \
  build/default/production/sbxbt_hid_ms910/btstack/btstack_memory.o \
  build/default/production/sbxbt_hid_ms910/btstack/hci.o \
  build/default/production/sbxbt_hid_ms910/btstack/hci_cmds.o \
  build/default/production/sbxbt_hid_ms910/btstack/hci_dump.o \
  build/default/production/sbxbt_hid_ms910/btstack/hci_transport_picusb.o \
  build/default/production/sbxbt_hid_ms910/btstack/l2cap.o \
  build/default/production/sbxbt_hid_ms910/btstack/l2cap_signaling.o \
  build/default/production/sbxbt_hid_ms910/btstack/linked_list.o \
  build/default/production/sbxbt_hid_ms910/btstack/memory_pool.o \
  build/default/production/sbxbt_hid_ms910/btstack/remote_device_db_memory.o \
  build/default/production/sbxbt_hid_ms910/btstack/rfcomm.o \
  build/default/production/sbxbt_hid_ms910/btstack/run_loop.o \
  build/default/production/sbxbt_hid_ms910/btstack/run_loop_embedded.o \
  build/default/production/sbxbt_hid_ms910/btstack/sdp.o \
  build/default/production/sbxbt_hid_ms910/btstack/sdp_util.o \
  build/default/production/sbxbt_hid_ms910/btstack/utils.o \
  build/default/production/sbxbt_hid_ms910/Common/uart2.o \
  build/default/production/sbxbt_hid_ms910/Common/uart1.o \
  build/default/production/sbxbt_hid_ms910/USB/usb_host.o \
  build/default/production/sbxbt_hid_ms910/USB/usb_host_bluetooth.o \
  build/default/production/sbxbt_hid_ms910/main.o \
  build/default/production/sbxbt_hid_ms910/usb_config.o \
  build/default/production/sbxbt_hid_ms910/xprintf.o \
  build/default/production/sbxbt_hid_ms910/flash.o \
  --defsym=__MPLAB_BUILD=1 \
  -Tp24FJ64GB004.gld.00 \
  --heap=2048 \
  --stack=16 \
  --check-sections \
  --data-init \
  --pack-data \
  --handles \
  --isr \
  --gc-sections \
  --fill-upper=0 \
  --stackguard=16 \
  --library-path=sbxbt_hid_ms910 \
  --library-path=. \
  --no-force-link \
  --smart-io \
  -Map=dist/default/production/BTKBD.X.production.map \
  --report-mem \
  --cref \
  --memorysummary \
  dist/default/production/memoryfile.xml \
  -start-group \
  --library=pic30-elf \
  --library=m-elf \
  --library=c-elf \
  -end-group \

Archive member included because of file (symbol)

/Applications/microchip/xc16/v1.26/bin/bin/../../lib/libpic30-elf.a(crt0_standard.o)
                              (__resetPRI)
/Applications/microchip/xc16/v1.26/bin/bin/../../lib/libpic30-elf.a(data_init_standard.o)
                              /Applications/microchip/xc16/v1.26/bin/bin/../../lib/libpic30-elf.a(crt0_standard.o) (__data_init_standard)
/Applications/microchip/xc16/v1.26/bin/bin/../../lib/libm-elf.a(udivsi3.eo)
                              build/default/production/sbxbt_hid_ms910/Common/uart1.o (___udivsi3)
/Applications/microchip/xc16/v1.26/bin/bin/../../lib/libm-elf.a(umodsi3.eo)
                              build/default/production/sbxbt_hid_ms910/xprintf.o (___umodsi3)
/Applications/microchip/xc16/v1.26/bin/bin/../../lib/libc-elf.a(malloc.eo)
                              build/default/production/sbxbt_hid_ms910/btstack/hci_transport_picusb.o (_malloc)
/Applications/microchip/xc16/v1.26/bin/bin/../../lib/libc-elf.a(memcmp.eo)
                              build/default/production/sbxbt_hid_ms910/btstack/hci.o (_memcmp)
/Applications/microchip/xc16/v1.26/bin/bin/../../lib/libc-elf.a(memcpy.eo)
                              build/default/production/sbxbt_hid_ms910/btstack/hci.o (_memcpy)
/Applications/microchip/xc16/v1.26/bin/bin/../../lib/libc-elf.a(memset.eo)
                              build/default/production/sbxbt_hid_ms910/btstack/hci_cmds.o (_memset)
/Applications/microchip/xc16/v1.26/bin/bin/../../lib/libc-elf.a(strlen.eo)
                              build/default/production/sbxbt_hid_ms910/btstack/hci_cmds.o (_strlen)
/Applications/microchip/xc16/v1.26/bin/bin/../../lib/libc-elf.a(strncmp.eo)
[...]
Memory Configuration

Name             Origin             Length             Attributes
data             0x000800           0x002000           a !xr
reset            0x000000           0x000004  
ivt              0x000004           0x0000fc  
_reserved        0x000100           0x000004  
aivt             0x000104           0x0000fc  
program          0x000200           0x00a9f8           xr
CONFIG4          0x00abf8           0x000002  
CONFIG3          0x00abfa           0x000002  
CONFIG2          0x00abfc           0x000002  
CONFIG1          0x00abfe           0x000002  
*default*        0x000000           0xffffffff  

Linker script and memory map

LOAD build/default/production/sbxbt_hid_ms910/btstack/btstack_memory.o
LOAD build/default/production/sbxbt_hid_ms910/btstack/hci.o
LOAD build/default/production/sbxbt_hid_ms910/btstack/hci_cmds.o
LOAD build/default/production/sbxbt_hid_ms910/btstack/hci_dump.o
LOAD build/default/production/sbxbt_hid_ms910/btstack/hci_transport_picusb.o
LOAD build/default/production/sbxbt_hid_ms910/btstack/l2cap.o
LOAD build/default/production/sbxbt_hid_ms910/btstack/l2cap_signaling.o
LOAD build/default/production/sbxbt_hid_ms910/btstack/linked_list.o
LOAD build/default/production/sbxbt_hid_ms910/btstack/memory_pool.o
LOAD build/default/production/sbxbt_hid_ms910/btstack/remote_device_db_memory.o
LOAD build/default/production/sbxbt_hid_ms910/btstack/rfcomm.o
LOAD build/default/production/sbxbt_hid_ms910/btstack/run_loop.o
LOAD build/default/production/sbxbt_hid_ms910/btstack/run_loop_embedded.o
LOAD build/default/production/sbxbt_hid_ms910/btstack/sdp.o
LOAD build/default/production/sbxbt_hid_ms910/btstack/sdp_util.o
LOAD build/default/production/sbxbt_hid_ms910/btstack/utils.o
LOAD build/default/production/sbxbt_hid_ms910/Common/uart2.o
LOAD build/default/production/sbxbt_hid_ms910/Common/uart1.o
LOAD build/default/production/sbxbt_hid_ms910/USB/usb_host.o
LOAD build/default/production/sbxbt_hid_ms910/USB/usb_host_bluetooth.o
LOAD build/default/production/sbxbt_hid_ms910/main.o
LOAD build/default/production/sbxbt_hid_ms910/usb_config.o
LOAD build/default/production/sbxbt_hid_ms910/xprintf.o
LOAD build/default/production/sbxbt_hid_ms910/flash.o
                    0x0001                  __MPLAB_BUILD = 0x1
LOAD /Applications/microchip/xc16/v1.26/bin/bin/../../lib/PIC24F/libpPIC24Fxxx-elf.a
LOAD /Applications/microchip/xc16/v1.26/bin/bin/../../lib/libfx-elf.a
                    0xabf8                  __CONFIG4 = 0xabf8
                    0xabfa                  __CONFIG3 = 0xabfa
                    0xabfc                  __CONFIG2 = 0xabfc
                    0xabfe                  __CONFIG1 = 0xabfe
                    0x0001                  __NO_HANDLES = 0x1
                    0x0200                  __CODE_BASE = 0x200
                    0xa9f8                  __CODE_LENGTH = 0xa9f8
                    0x0004                  __IVT_BASE = 0x4
                    0x0104                  __AIVT_BASE = 0x104
                    0x0800                  __DATA_BASE = 0x800
                    0x2000                  __DATA_LENGTH = 0x2000

.reset            0x000000          0x4
                  0x000000          0x2 SHORT 0x200 ABSOLUTE (__reset)
                  0x000001          0x2 SHORT 0x4
                  0x000002          0x2 SHORT 0x0 ((ABSOLUTE (__reset) >> 0x10) & 0x7f)
                  0x000003          0x2 SHORT 0x0

.text             0x000200        0x498
 *(.init)
 .init            0x000200         0x3c /Applications/microchip/xc16/v1.26/bin/bin/../../lib/libpic30-elf.a(crt0_standard.o)
                  0x000200                  __reset
                  0x000200                  __resetPRI
                  0x00022c                  __psv_init
 .init            0x00023c         0x6c /Applications/microchip/xc16/v1.26/bin/bin/../../lib/libpic30-elf.a(data_init_standard.o)
                  0x00023c                  __data_init
                  0x00023c                  __data_init_standard
 *(.user_init)
 *(.handle)
 *(.isr*)
 .isr.text        0x000364        0x106 build/default/production/sbxbt_hid_ms910/Common/uart1.o
                  0x000364                  __U1RXInterrupt
                  0x00039a                  __U1TXInterrupt
                  0x0003de                  _UART1Init
                  0x00042a                  _UART1PutChar
                  0x000446                  _UART1GetChar
 .isr             0x00046a          0x4 default_isr
                  0x00046a                  __DefaultInterrupt
 *(.libc)
 .libc            0x00046e         0x28 /Applications/microchip/xc16/v1.26/bin/bin/../../lib/libpic30-elf.a(sbrk.eo)
                  0x00046e                  _sbrk
 .libc            0x000496         0x1a /Applications/microchip/xc16/v1.26/bin/bin/../../lib/libpic30-elf.a(brk.elo)
                  0x000496                  _brk
 *(.libm)
 *(.libdsp)
 *(.lib*)
 .libm.udivsi3    0x0004b0         0x20 /Applications/microchip/xc16/v1.26/bin/bin/../../lib/libm-elf.a(udivsi3.eo)
                  0x0004b0                  ___udivsi3
 .libm.umodsi3    0x0004d0          0x6 /Applications/microchip/xc16/v1.26/bin/bin/../../lib/libm-elf.a(umodsi3.eo)
                  0x0004d0                  ___umodsi3
 .libc.malloc     0x0004d6        0x112 /Applications/microchip/xc16/v1.26/bin/bin/../../lib/libc-elf.a(malloc.eo)
                  0x0004d6                  _malloc
 .libc.free       0x0005e8         0x16 /Applications/microchip/xc16/v1.26/bin/bin/../../lib/libc-elf.a(malloc.eo)
                  0x0005e8                  _free
 .libc.memcmp     0x0005fe         0x32 /Applications/microchip/xc16/v1.26/bin/bin/../../lib/libc-elf.a(memcmp.eo)
                  0x0005fe                  _memcmp
 .libc.memcpy     0x000630          0xe /Applications/microchip/xc16/v1.26/bin/bin/../../lib/libc-elf.a(memcpy.eo)
                  0x000630                  _memcpy
 .libc.memset     0x00063e          0xe /Applications/microchip/xc16/v1.26/bin/bin/../../lib/libc-elf.a(memset.eo)
                  0x00063e                  _memset
 .libc.strlen     0x00064c          0xc /Applications/microchip/xc16/v1.26/bin/bin/../../lib/libc-elf.a(strlen.eo)
                  0x00064c                  _strlen
 .libc.strncmp    0x000658         0x1e /Applications/microchip/xc16/v1.26/bin/bin/../../lib/libc-elf.a(strncmp.eo)
                  0x000658                  _strncmp
 .libc.strncpy    0x000676         0x22 /Applications/microchip/xc16/v1.26/bin/bin/../../lib/libc-elf.a(strncpy.eo)
                  0x000676                  _strncpy

usercode
 *(usercode)

__CONFIG4         0x00abf8          0x2
 *(__CONFIG4.sec*)
 __CONFIG4.sec    0x00abf8          0x2 build/default/production/sbxbt_hid_ms910/main.o

__CONFIG3         0x00abfa          0x2
 *(__CONFIG3.sec*)
 __CONFIG3.sec    0x00abfa          0x2 build/default/production/sbxbt_hid_ms910/main.o

__CONFIG2         0x00abfc          0x2
 *(__CONFIG2.sec*)
 __CONFIG2.sec    0x00abfc          0x2 build/default/production/sbxbt_hid_ms910/main.o

__CONFIG1         0x00abfe          0x2
 *(__CONFIG1.sec*)
 __CONFIG1.sec    0x00abfe          0x2 build/default/production/sbxbt_hid_ms910/main.o

.comment
 *(.comment)

.debug_info       0x000000      0x1831a
 *(.debug_info)
 .debug_info      0x000000       0x1d5c build/default/production/sbxbt_hid_ms910/btstack/btstack_memory.o
 .debug_info      0x001d5c       0x1f1a build/default/production/sbxbt_hid_ms910/btstack/hci.o
 .debug_info      0x003c76        0xfa4 build/default/production/sbxbt_hid_ms910/btstack/hci_cmds.o
 .debug_info      0x004c1a        0x2d8 build/default/production/sbxbt_hid_ms910/btstack/hci_dump.o
 .debug_info      0x004ef2        0xa2a build/default/production/sbxbt_hid_ms910/btstack/hci_transport_picusb.o
 .debug_info      0x00591c       0x211c build/default/production/sbxbt_hid_ms910/btstack/l2cap.o
 .debug_info      0x007a38        0x44d build/default/production/sbxbt_hid_ms910/btstack/l2cap_signaling.o
 .debug_info      0x007e85        0x367 build/default/production/sbxbt_hid_ms910/btstack/linked_list.o
 .debug_info      0x0081ec        0x277 build/default/production/sbxbt_hid_ms910/btstack/memory_pool.o
 .debug_info      0x008463        0x7e1 build/default/production/sbxbt_hid_ms910/btstack/remote_device_db_memory.o
 .debug_info      0x008c44       0x2c1a build/default/production/sbxbt_hid_ms910/btstack/rfcomm.o
 .debug_info      0x00b85e        0x5c6 build/default/production/sbxbt_hid_ms910/btstack/run_loop.o
 .debug_info      0x00be24        0x713 build/default/production/sbxbt_hid_ms910/btstack/run_loop_embedded.o
 .debug_info      0x00c537        0xf17 build/default/production/sbxbt_hid_ms910/btstack/sdp.o
 .debug_info      0x00d44e       0x18c1 build/default/production/sbxbt_hid_ms910/btstack/sdp_util.o
 .debug_info      0x00ed0f        0x519 build/default/production/sbxbt_hid_ms910/btstack/utils.o
 .debug_info      0x00f228        0x9ce build/default/production/sbxbt_hid_ms910/Common/uart2.o
 .debug_info      0x00fbf6        0x9d4 build/default/production/sbxbt_hid_ms910/Common/uart1.o
 .debug_info      0x0105ca       0x3965 build/default/production/sbxbt_hid_ms910/USB/usb_host.o
 .debug_info      0x013f2f        0xafe build/default/production/sbxbt_hid_ms910/USB/usb_host_bluetooth.o
 .debug_info      0x014a2d       0x241f build/default/production/sbxbt_hid_ms910/main.o
 .debug_info      0x016e4c        0x783 build/default/production/sbxbt_hid_ms910/usb_config.o
 .debug_info      0x0175cf        0x422 build/default/production/sbxbt_hid_ms910/xprintf.o
 .debug_info      0x0179f1        0x929 build/default/production/sbxbt_hid_ms910/flash.o
 *(.gnu.linkonce.wi.*)

.debug_abbrev     0x000000       0x261f
 *(.debug_abbrev)
 .debug_abbrev    0x000000        0x141 build/default/production/sbxbt_hid_ms910/btstack/btstack_memory.o
 .debug_abbrev    0x000141        0x30a build/default/production/sbxbt_hid_ms910/btstack/hci.o
 .debug_abbrev    0x00044b         0xef build/default/production/sbxbt_hid_ms910/btstack/hci_cmds.o
 .debug_abbrev    0x00053a         0x92 build/default/production/sbxbt_hid_ms910/btstack/hci_dump.o
 .debug_abbrev    0x0005cc        0x1ed build/default/production/sbxbt_hid_ms910/btstack/hci_transport_picusb.o
 .debug_abbrev    0x0007b9        0x28b build/default/production/sbxbt_hid_ms910/btstack/l2cap.o
 .debug_abbrev    0x000a44         0xe8 build/default/production/sbxbt_hid_ms910/btstack/l2cap_signaling.o
 .debug_abbrev    0x000b2c         0xea build/default/production/sbxbt_hid_ms910/btstack/linked_list.o
 .debug_abbrev    0x000c16         0xd1 build/default/production/sbxbt_hid_ms910/btstack/memory_pool.o
 .debug_abbrev    0x000ce7        0x17f build/default/production/sbxbt_hid_ms910/btstack/remote_device_db_memory.o
 .debug_abbrev    0x000e66        0x24e build/default/production/sbxbt_hid_ms910/btstack/rfcomm.o
 .debug_abbrev    0x0010b4        0x11a build/default/production/sbxbt_hid_ms910/btstack/run_loop.o
 .debug_abbrev    0x0011ce        0x144 build/default/production/sbxbt_hid_ms910/btstack/run_loop_embedded.o
 .debug_abbrev    0x001312        0x211 build/default/production/sbxbt_hid_ms910/btstack/sdp.o
 .debug_abbrev    0x001523        0x218 build/default/production/sbxbt_hid_ms910/btstack/sdp_util.o
 .debug_abbrev    0x00173b         0xbf build/default/production/sbxbt_hid_ms910/btstack/utils.o
 .debug_abbrev    0x0017fa        0x136 build/default/production/sbxbt_hid_ms910/Common/uart2.o
 .debug_abbrev    0x001930        0x143 build/default/production/sbxbt_hid_ms910/Common/uart1.o
 .debug_abbrev    0x001a73        0x311 build/default/production/sbxbt_hid_ms910/USB/usb_host.o
 .debug_abbrev    0x001d84        0x1c2 build/default/production/sbxbt_hid_ms910/USB/usb_host_bluetooth.o
 .debug_abbrev    0x001f46        0x2d8 build/default/production/sbxbt_hid_ms910/main.o
 .debug_abbrev    0x00221e        0x149 build/default/production/sbxbt_hid_ms910/usb_config.o
 .debug_abbrev    0x002367         0xe8 build/default/production/sbxbt_hid_ms910/xprintf.o
 .debug_abbrev    0x00244f        0x1d0 build/default/production/sbxbt_hid_ms910/flash.o

.debug_line       0x000000       0x2ee3
 *(.debug_line)
 .debug_line      0x000000        0x158 build/default/production/sbxbt_hid_ms910/btstack/btstack_memory.o
 .debug_line      0x000158        0x3b6 build/default/production/sbxbt_hid_ms910/btstack/hci.o
 .debug_line      0x00050e         0xe5 build/default/production/sbxbt_hid_ms910/btstack/hci_cmds.o
 .debug_line      0x0005f3         0xaa build/default/production/sbxbt_hid_ms910/btstack/hci_dump.o
 .debug_line      0x00069d        0x16d build/default/production/sbxbt_hid_ms910/btstack/hci_transport_picusb.o
 .debug_line      0x00080a        0x3b6 build/default/production/sbxbt_hid_ms910/btstack/l2cap.o
 .debug_line      0x000bc0         0xe8 build/default/production/sbxbt_hid_ms910/btstack/l2cap_signaling.o
 .debug_line      0x000ca8         0x8d build/default/production/sbxbt_hid_ms910/btstack/linked_list.o
 .debug_line      0x000d35         0x77 build/default/production/sbxbt_hid_ms910/btstack/memory_pool.o
 .debug_line      0x000dac        0x13b build/default/production/sbxbt_hid_ms910/btstack/remote_device_db_memory.o
 .debug_line      0x000ee7        0x560 build/default/production/sbxbt_hid_ms910/btstack/rfcomm.o
 .debug_line      0x001447         0xde build/default/production/sbxbt_hid_ms910/btstack/run_loop.o
 .debug_line      0x001525        0x116 build/default/production/sbxbt_hid_ms910/btstack/run_loop_embedded.o
 .debug_line      0x00163b        0x20a build/default/production/sbxbt_hid_ms910/btstack/sdp.o
 .debug_line      0x001845        0x27c build/default/production/sbxbt_hid_ms910/btstack/sdp_util.o
 .debug_line      0x001ac1         0xbe build/default/production/sbxbt_hid_ms910/btstack/utils.o
 .debug_line      0x001b7f         0xfb build/default/production/sbxbt_hid_ms910/Common/uart2.o
 .debug_line      0x001c7a        0x100 build/default/production/sbxbt_hid_ms910/Common/uart1.o
 .debug_line      0x001d7a        0x90f build/default/production/sbxbt_hid_ms910/USB/usb_host.o
 .debug_line      0x002689        0x149 build/default/production/sbxbt_hid_ms910/USB/usb_host_bluetooth.o
 .debug_line      0x0027d2        0x394 build/default/production/sbxbt_hid_ms910/main.o
 .debug_line      0x002b66         0x98 build/default/production/sbxbt_hid_ms910/usb_config.o
 .debug_line      0x002bfe        0x136 build/default/production/sbxbt_hid_ms910/xprintf.o
 .debug_line      0x002d34        0x1af build/default/production/sbxbt_hid_ms910/flash.o

.debug_frame      0x000000       0x2a7e
 *(.debug_frame)
 .debug_frame     0x000000        0x144 build/default/production/sbxbt_hid_ms910/btstack/btstack_memory.o
 .debug_frame     0x000144        0x510 build/default/production/sbxbt_hid_ms910/btstack/hci.o
 .debug_frame     0x000654         0x6c build/default/production/sbxbt_hid_ms910/btstack/hci_cmds.o
 .debug_frame     0x0006c0         0x60 build/default/production/sbxbt_hid_ms910/btstack/hci_dump.o
 .debug_frame     0x000720        0x116 build/default/production/sbxbt_hid_ms910/btstack/hci_transport_picusb.o
 .debug_frame     0x000836        0x54e build/default/production/sbxbt_hid_ms910/btstack/l2cap.o
 .debug_frame     0x000d84         0x68 build/default/production/sbxbt_hid_ms910/btstack/l2cap_signaling.o
 .debug_frame     0x000dec         0x84 build/default/production/sbxbt_hid_ms910/btstack/linked_list.o
 .debug_frame     0x000e70         0x60 build/default/production/sbxbt_hid_ms910/btstack/memory_pool.o
 .debug_frame     0x000ed0        0x126 build/default/production/sbxbt_hid_ms910/btstack/remote_device_db_memory.o
 .debug_frame     0x000ff6        0x6c6 build/default/production/sbxbt_hid_ms910/btstack/rfcomm.o
 .debug_frame     0x0016bc         0x94 build/default/production/sbxbt_hid_ms910/btstack/run_loop.o
 .debug_frame     0x001750         0xe8 build/default/production/sbxbt_hid_ms910/btstack/run_loop_embedded.o
 .debug_frame     0x001838        0x21c build/default/production/sbxbt_hid_ms910/btstack/sdp.o
 .debug_frame     0x001a54        0x4a6 build/default/production/sbxbt_hid_ms910/btstack/sdp_util.o
 .debug_frame     0x001efa        0x11e build/default/production/sbxbt_hid_ms910/btstack/utils.o
 .debug_frame     0x002018         0x98 build/default/production/sbxbt_hid_ms910/Common/uart2.o
 .debug_frame     0x0020b0         0x92 build/default/production/sbxbt_hid_ms910/Common/uart1.o
 .debug_frame     0x002142        0x3b0 build/default/production/sbxbt_hid_ms910/USB/usb_host.o
 .debug_frame     0x0024f2         0xc2 build/default/production/sbxbt_hid_ms910/USB/usb_host_bluetooth.o
 .debug_frame     0x0025b4        0x280 build/default/production/sbxbt_hid_ms910/main.o
 .debug_frame     0x002834        0x1a2 build/default/production/sbxbt_hid_ms910/xprintf.o
 .debug_frame     0x0029d6         0xa8 build/default/production/sbxbt_hid_ms910/flash.o

.debug_str        0x000000        0xdff
 *(.debug_str)
 .debug_str       0x000000         0x78 build/default/production/sbxbt_hid_ms910/btstack/btstack_memory.o
 .debug_str       0x000078        0x1d5 build/default/production/sbxbt_hid_ms910/btstack/hci.o
 .debug_str       0x00024d          0xf build/default/production/sbxbt_hid_ms910/btstack/hci_cmds.o
 .debug_str       0x00025c         0x42 build/default/production/sbxbt_hid_ms910/btstack/hci_transport_picusb.o
 .debug_str       0x00029e         0xf0 build/default/production/sbxbt_hid_ms910/btstack/l2cap.o
 .debug_str       0x00038e         0x16 build/default/production/sbxbt_hid_ms910/btstack/l2cap_signaling.o
 .debug_str       0x0003a4          0xa build/default/production/sbxbt_hid_ms910/btstack/linked_list.o
 .debug_str       0x0003ae          0xc build/default/production/sbxbt_hid_ms910/btstack/memory_pool.o
 .debug_str       0x0003ba         0xb9 build/default/production/sbxbt_hid_ms910/btstack/remote_device_db_memory.o
 .debug_str       0x000473        0x158 build/default/production/sbxbt_hid_ms910/btstack/rfcomm.o
 .debug_str       0x0005cb         0x12 build/default/production/sbxbt_hid_ms910/btstack/run_loop.o
 .debug_str       0x0005dd        0x169 build/default/production/sbxbt_hid_ms910/btstack/sdp.o
 .debug_str       0x000746        0x105 build/default/production/sbxbt_hid_ms910/btstack/sdp_util.o
 .debug_str       0x00084b          0xd build/default/production/sbxbt_hid_ms910/btstack/utils.o
 .debug_str       0x000858         0x27 build/default/production/sbxbt_hid_ms910/Common/uart2.o
 .debug_str       0x00087f         0x27 build/default/production/sbxbt_hid_ms910/Common/uart1.o
 .debug_str       0x0008a6        0x239 build/default/production/sbxbt_hid_ms910/USB/usb_host.o
 .debug_str       0x000adf         0x59 build/default/production/sbxbt_hid_ms910/USB/usb_host_bluetooth.o
 .debug_str       0x000b38        0x294 build/default/production/sbxbt_hid_ms910/main.o
 .debug_str       0x000dcc          0xa build/default/production/sbxbt_hid_ms910/xprintf.o
 .debug_str       0x000dd6         0x29 build/default/production/sbxbt_hid_ms910/flash.o

.debug_loc
 *(.debug_loc)

.debug_macinfo
 *(.debug_macinfo)

.debug_pubnames
                  0x000000       0x28c7
 *(.debug_pubnames)
 .debug_pubnames
                  0x000000        0x2fb build/default/production/sbxbt_hid_ms910/btstack/btstack_memory.o
 .debug_pubnames
                  0x0002fb        0x347 build/default/production/sbxbt_hid_ms910/btstack/hci.o
 .debug_pubnames
                  0x000642        0x997 build/default/production/sbxbt_hid_ms910/btstack/hci_cmds.o
 .debug_pubnames
                  0x000fd9         0x5c build/default/production/sbxbt_hid_ms910/btstack/hci_dump.o
 .debug_pubnames
                  0x001035         0x85 build/default/production/sbxbt_hid_ms910/btstack/hci_transport_picusb.o
 .debug_pubnames
                  0x0010ba        0x395 build/default/production/sbxbt_hid_ms910/btstack/l2cap.o
 .debug_pubnames
                  0x00144f         0x83 build/default/production/sbxbt_hid_ms910/btstack/l2cap_signaling.o
 .debug_pubnames
                  0x0014d2         0xbc build/default/production/sbxbt_hid_ms910/btstack/linked_list.o
 .debug_pubnames
                  0x00158e         0x52 build/default/production/sbxbt_hid_ms910/btstack/memory_pool.o
 .debug_pubnames
                  0x0015e0         0x54 build/default/production/sbxbt_hid_ms910/btstack/remote_device_db_memory.o
 .debug_pubnames
                  0x001634        0x282 build/default/production/sbxbt_hid_ms910/btstack/rfcomm.o
 .debug_pubnames
                  0x0018b6         0xd3 build/default/production/sbxbt_hid_ms910/btstack/run_loop.o
 .debug_pubnames
                  0x001989        0x132 build/default/production/sbxbt_hid_ms910/btstack/run_loop_embedded.o
 .debug_pubnames
                  0x001abb        0x1b2 build/default/production/sbxbt_hid_ms910/btstack/sdp.o
 .debug_pubnames
                  0x001c6d        0x317 build/default/production/sbxbt_hid_ms910/btstack/sdp_util.o
 .debug_pubnames
                  0x001f84         0xca build/default/production/sbxbt_hid_ms910/btstack/utils.o
 .debug_pubnames
                  0x00204e         0x7e build/default/production/sbxbt_hid_ms910/Common/uart2.o
 .debug_pubnames
                  0x0020cc         0x68 build/default/production/sbxbt_hid_ms910/Common/uart1.o
 .debug_pubnames
                  0x002134        0x3fb build/default/production/sbxbt_hid_ms910/USB/usb_host.o
 .debug_pubnames
                  0x00252f         0xf4 build/default/production/sbxbt_hid_ms910/USB/usb_host_bluetooth.o
 .debug_pubnames
                  0x002623        0x177 build/default/production/sbxbt_hid_ms910/main.o
 .debug_pubnames
                  0x00279a         0x33 build/default/production/sbxbt_hid_ms910/usb_config.o
 .debug_pubnames
                  0x0027cd         0x72 build/default/production/sbxbt_hid_ms910/xprintf.o
 .debug_pubnames
                  0x00283f         0x88 build/default/production/sbxbt_hid_ms910/flash.o

.debug_ranges
 *(.debug_ranges)

.debug_aranges    0x000000        0x228
 *(.debug_aranges)
 .debug_aranges
                  0x000000         0x18 build/default/production/sbxbt_hid_ms910/btstack/btstack_memory.o
 .debug_aranges
                  0x000018         0x18 build/default/production/sbxbt_hid_ms910/btstack/hci.o
 .debug_aranges
                  0x000030         0x18 build/default/production/sbxbt_hid_ms910/btstack/hci_cmds.o
 .debug_aranges
                  0x000048         0x18 build/default/production/sbxbt_hid_ms910/btstack/hci_dump.o
 .debug_aranges
                  0x000060         0x18 build/default/production/sbxbt_hid_ms910/btstack/hci_transport_picusb.o
 .debug_aranges
                  0x000078         0x18 build/default/production/sbxbt_hid_ms910/btstack/l2cap.o
 .debug_aranges
                  0x000090         0x18 build/default/production/sbxbt_hid_ms910/btstack/l2cap_signaling.o
 .debug_aranges
                  0x0000a8         0x18 build/default/production/sbxbt_hid_ms910/btstack/linked_list.o
 .debug_aranges
                  0x0000c0         0x18 build/default/production/sbxbt_hid_ms910/btstack/memory_pool.o
 .debug_aranges
                  0x0000d8         0x18 build/default/production/sbxbt_hid_ms910/btstack/remote_device_db_memory.o
 .debug_aranges
                  0x0000f0         0x18 build/default/production/sbxbt_hid_ms910/btstack/rfcomm.o
 .debug_aranges
                  0x000108         0x18 build/default/production/sbxbt_hid_ms910/btstack/run_loop.o
 .debug_aranges
                  0x000120         0x18 build/default/production/sbxbt_hid_ms910/btstack/run_loop_embedded.o
 .debug_aranges
                  0x000138         0x18 build/default/production/sbxbt_hid_ms910/btstack/sdp.o
 .debug_aranges
                  0x000150         0x18 build/default/production/sbxbt_hid_ms910/btstack/sdp_util.o
 .debug_aranges
                  0x000168         0x18 build/default/production/sbxbt_hid_ms910/btstack/utils.o
 .debug_aranges
                  0x000180         0x18 build/default/production/sbxbt_hid_ms910/Common/uart2.o
 .debug_aranges
                  0x000198         0x18 build/default/production/sbxbt_hid_ms910/Common/uart1.o
 .debug_aranges
                  0x0001b0         0x18 build/default/production/sbxbt_hid_ms910/USB/usb_host.o
 .debug_aranges
                  0x0001c8         0x18 build/default/production/sbxbt_hid_ms910/USB/usb_host_bluetooth.o
 .debug_aranges
                  0x0001e0         0x18 build/default/production/sbxbt_hid_ms910/main.o
 .debug_aranges
                  0x0001f8         0x18 build/default/production/sbxbt_hid_ms910/xprintf.o
 .debug_aranges
                  0x000210         0x18 build/default/production/sbxbt_hid_ms910/flash.o
                    0x0000                  WREG0 = 0x0
                    0x0000                  _WREG0 = 0x0
                    0x0002                  WREG1 = 0x2
                    0x0002                  _WREG1 = 0x2
                    0x0004                  WREG2 = 0x4
                    0x0004                  _WREG2 = 0x4
                    0x0006                  WREG3 = 0x6
                    0x0006                  _WREG3 = 0x6
                    0x0008                  WREG4 = 0x8
                    0x0008                  _WREG4 = 0x8
                    0x000a                  WREG5 = 0xa
                    0x000a                  _WREG5 = 0xa
                    0x000c                  WREG6 = 0xc
                    0x000c                  _WREG6 = 0xc
                    0x000e                  WREG7 = 0xe
                    0x000e                  _WREG7 = 0xe
                    0x0010                  WREG8 = 0x10
                    0x0010                  _WREG8 = 0x10
                    0x0012                  WREG9 = 0x12
                    0x0012                  _WREG9 = 0x12
                    0x0014                  WREG10 = 0x14
                    0x0014                  _WREG10 = 0x14
                    0x0016                  WREG11 = 0x16
                    0x0016                  _WREG11 = 0x16
                    0x0018                  WREG12 = 0x18
                    0x0018                  _WREG12 = 0x18
                    0x001a                  WREG13 = 0x1a
                    0x001a                  _WREG13 = 0x1a
                    0x001c                  WREG14 = 0x1c
                    0x001c                  _WREG14 = 0x1c
                    0x001e                  WREG15 = 0x1e
                    0x001e                  _WREG15 = 0x1e
                    0x0020                  SPLIM = 0x20
                    0x0020                  _SPLIM = 0x20
                    0x002e                  PCL = 0x2e
                    0x002e                  _PCL = 0x2e
                    0x0030                  PCH = 0x30
                    0x0030                  _PCH = 0x30
                    0x0032                  TBLPAG = 0x32
                    0x0032                  _TBLPAG = 0x32
                    0x0034                  PSVPAG = 0x34
                    0x0034                  _PSVPAG = 0x34
                    0x0036                  RCOUNT = 0x36
                    0x0036                  _RCOUNT = 0x36
                    0x0042                  SR = 0x42
                    0x0042                  _SR = 0x42
                    0x0042                  _SRbits = 0x42
                    0x0044                  CORCON = 0x44
                    0x0044                  _CORCON = 0x44
                    0x0044                  _CORCONbits = 0x44
                    0x0052                  DISICNT = 0x52
                    0x0052                  _DISICNT = 0x52
                    0x0060                  CNEN1 = 0x60
                    0x0060                  _CNEN1 = 0x60
                    0x0060                  _CNEN1bits = 0x60
                    0x0062                  CNEN2 = 0x62
                    0x0062                  _CNEN2 = 0x62
                    0x0062                  _CNEN2bits = 0x62
                    0x0068                  CNPU1 = 0x68
                    0x0068                  _CNPU1 = 0x68
                    0x0068                  _CNPU1bits = 0x68
                    0x006a                  CNPU2 = 0x6a
                    0x006a                  _CNPU2 = 0x6a
                    0x006a                  _CNPU2bits = 0x6a
                    0x0080                  INTCON1 = 0x80
                    0x0080                  _INTCON1 = 0x80
                    0x0080                  _INTCON1bits = 0x80
                    0x0082                  INTCON2 = 0x82
                    0x0082                  _INTCON2 = 0x82
                    0x0082                  _INTCON2bits = 0x82
                    0x0084                  IFS0 = 0x84
                    0x0084                  _IFS0 = 0x84
                    0x0084                  _IFS0bits = 0x84
                    0x0086                  IFS1 = 0x86
                    0x0086                  _IFS1 = 0x86
                    0x0086                  _IFS1bits = 0x86
                    0x0088                  IFS2 = 0x88
                    0x0088                  _IFS2 = 0x88
                    0x0088                  _IFS2bits = 0x88
                    0x008a                  IFS3 = 0x8a
                    0x008a                  _IFS3 = 0x8a
                    0x008a                  _IFS3bits = 0x8a
                    0x008c                  IFS4 = 0x8c
                    0x008c                  _IFS4 = 0x8c
                    0x008c                  _IFS4bits = 0x8c
                    0x008e                  IFS5 = 0x8e
                    0x008e                  _IFS5 = 0x8e
                    0x008e                  _IFS5bits = 0x8e
                    0x0094                  IEC0 = 0x94
                    0x0094                  _IEC0 = 0x94
                    0x0094                  _IEC0bits = 0x94
                    0x0096                  IEC1 = 0x96
                    0x0096                  _IEC1 = 0x96
                    0x0096                  _IEC1bits = 0x96
                    0x0098                  IEC2 = 0x98
                    0x0098                  _IEC2 = 0x98
                    0x0098                  _IEC2bits = 0x98
                    0x009a                  IEC3 = 0x9a
                    0x009a                  _IEC3 = 0x9a
                    0x009a                  _IEC3bits = 0x9a
                    0x009c                  IEC4 = 0x9c
                    0x009c                  _IEC4 = 0x9c
                    0x009c                  _IEC4bits = 0x9c
                    0x009e                  IEC5 = 0x9e
                    0x009e                  _IEC5 = 0x9e
                    0x009e                  _IEC5bits = 0x9e
                    0x00a4                  IPC0 = 0xa4
                    0x00a4                  _IPC0 = 0xa4
                    0x00a4                  _IPC0bits = 0xa4
                    0x00a6                  IPC1 = 0xa6
                    0x00a6                  _IPC1 = 0xa6
                    0x00a6                  _IPC1bits = 0xa6
                    0x00a8                  IPC2 = 0xa8
                    0x00a8                  _IPC2 = 0xa8
                    0x00a8                  _IPC2bits = 0xa8
                    0x00aa                  IPC3 = 0xaa
                    0x00aa                  _IPC3 = 0xaa
                    0x00aa                  _IPC3bits = 0xaa
                    0x00ac                  IPC4 = 0xac
                    0x00ac                  _IPC4 = 0xac
                    0x00ac                  _IPC4bits = 0xac
                    0x00ae                  IPC5 = 0xae
                    0x00ae                  _IPC5 = 0xae
                    0x00ae                  _IPC5bits = 0xae
                    0x00b0                  IPC6 = 0xb0
                    0x00b0                  _IPC6 = 0xb0
                    0x00b0                  _IPC6bits = 0xb0
                    0x00b2                  IPC7 = 0xb2
                    0x00b2                  _IPC7 = 0xb2
                    0x00b2                  _IPC7bits = 0xb2
                    0x00b4                  IPC8 = 0xb4
                    0x00b4                  _IPC8 = 0xb4
                    0x00b4                  _IPC8bits = 0xb4
                    0x00b6                  IPC9 = 0xb6
                    0x00b6                  _IPC9 = 0xb6
                    0x00b6                  _IPC9bits = 0xb6
                    0x00b8                  IPC10 = 0xb8
                    0x00b8                  _IPC10 = 0xb8
                    0x00b8                  _IPC10bits = 0xb8
                    0x00ba                  IPC11 = 0xba
                    0x00ba                  _IPC11 = 0xba
                    0x00ba                  _IPC11bits = 0xba
                    0x00bc                  IPC12 = 0xbc
                    0x00bc                  _IPC12 = 0xbc
                    0x00bc                  _IPC12bits = 0xbc
                    0x00c2                  IPC15 = 0xc2
                    0x00c2                  _IPC15 = 0xc2
                    0x00c2                  _IPC15bits = 0xc2
                    0x00c4                  IPC16 = 0xc4
                    0x00c4                  _IPC16 = 0xc4
                    0x00c4                  _IPC16bits = 0xc4
                    0x00c8                  IPC18 = 0xc8
                    0x00c8                  _IPC18 = 0xc8
                    0x00c8                  _IPC18bits = 0xc8
                    0x00ca                  IPC19 = 0xca
                    0x00ca                  _IPC19 = 0xca
                    0x00ca                  _IPC19bits = 0xca
                    0x00ce                  IPC21 = 0xce
                    0x00ce                  _IPC21 = 0xce
                    0x00ce                  _IPC21bits = 0xce
                    0x00e0                  INTTREG = 0xe0
                    0x00e0                  _INTTREG = 0xe0
                    0x00e0                  _INTTREGbits = 0xe0
                    0x0100                  TMR1 = 0x100
                    0x0100                  _TMR1 = 0x100
                    0x0102                  PR1 = 0x102
                    0x0102                  _PR1 = 0x102
                    0x0104                  T1CON = 0x104
                    0x0104                  _T1CON = 0x104
                    0x0104                  _T1CONbits = 0x104
                    0x0106                  TMR2 = 0x106
                    0x0106                  _TMR2 = 0x106
                    0x0108                  TMR3HLD = 0x108
                    0x0108                  _TMR3HLD = 0x108
                    0x010a                  TMR3 = 0x10a
                    0x010a                  _TMR3 = 0x10a
                    0x010c                  PR2 = 0x10c
                    0x010c                  _PR2 = 0x10c
                    0x010e                  PR3 = 0x10e
                    0x010e                  _PR3 = 0x10e
                    0x0110                  T2CON = 0x110
                    0x0110                  _T2CON = 0x110
                    0x0110                  _T2CONbits = 0x110
                    0x0112                  T3CON = 0x112
                    0x0112                  _T3CON = 0x112
                    0x0112                  _T3CONbits = 0x112
                    0x0114                  TMR4 = 0x114
                    0x0114                  _TMR4 = 0x114
                    0x0116                  TMR5HLD = 0x116
                    0x0116                  _TMR5HLD = 0x116
                    0x0118                  TMR5 = 0x118
                    0x0118                  _TMR5 = 0x118
                    0x011a                  PR4 = 0x11a
                    0x011a                  _PR4 = 0x11a
                    0x011c                  PR5 = 0x11c
                    0x011c                  _PR5 = 0x11c
                    0x011e                  T4CON = 0x11e
                    0x011e                  _T4CON = 0x11e
                    0x011e                  _T4CONbits = 0x11e
                    0x0120                  T5CON = 0x120
                    0x0120                  _T5CON = 0x120
                    0x0120                  _T5CONbits = 0x120
                    0x0140                  IC1CON1 = 0x140
                    0x0140                  _IC1CON1 = 0x140
                    0x0140                  _IC1CON1bits = 0x140
                    0x0142                  IC1CON2 = 0x142
                    0x0142                  _IC1CON2 = 0x142
                    0x0142                  _IC1CON2bits = 0x142
                    0x0144                  IC1BUF = 0x144
                    0x0144                  _IC1BUF = 0x144
                    0x0146                  IC1TMR = 0x146
                    0x0146                  _IC1TMR = 0x146
                    0x0148                  IC2CON1 = 0x148
                    0x0148                  _IC2CON1 = 0x148
                    0x0148                  _IC2CON1bits = 0x148
                    0x014a                  IC2CON2 = 0x14a
                    0x014a                  _IC2CON2 = 0x14a
                    0x014a                  _IC2CON2bits = 0x14a
                    0x014c                  IC2BUF = 0x14c
                    0x014c                  _IC2BUF = 0x14c
                    0x014e                  IC2TMR = 0x14e
                    0x014e                  _IC2TMR = 0x14e
                    0x0150                  IC3CON1 = 0x150
                    0x0150                  _IC3CON1 = 0x150
                    0x0150                  _IC3CON1bits = 0x150
                    0x0152                  IC3CON2 = 0x152
                    0x0152                  _IC3CON2 = 0x152
                    0x0152                  _IC3CON2bits = 0x152
                    0x0154                  IC3BUF = 0x154
                    0x0154                  _IC3BUF = 0x154
                    0x0156                  IC3TMR = 0x156
                    0x0156                  _IC3TMR = 0x156
                    0x0158                  IC4CON1 = 0x158
                    0x0158                  _IC4CON1 = 0x158
                    0x0158                  _IC4CON1bits = 0x158
                    0x015a                  IC4CON2 = 0x15a
                    0x015a                  _IC4CON2 = 0x15a
                    0x015a                  _IC4CON2bits = 0x15a
                    0x015c                  IC4BUF = 0x15c
                    0x015c                  _IC4BUF = 0x15c
                    0x015e                  IC4TMR = 0x15e
                    0x015e                  _IC4TMR = 0x15e
                    0x0160                  IC5CON1 = 0x160
                    0x0160                  _IC5CON1 = 0x160
                    0x0160                  _IC5CON1bits = 0x160
                    0x0162                  IC5CON2 = 0x162
                    0x0162                  _IC5CON2 = 0x162
                    0x0162                  _IC5CON2bits = 0x162
                    0x0164                  IC5BUF = 0x164
                    0x0164                  _IC5BUF = 0x164
                    0x0166                  IC5TMR = 0x166
                    0x0166                  _IC5TMR = 0x166
                    0x0190                  OC1CON1 = 0x190
                    0x0190                  _OC1CON1 = 0x190
                    0x0190                  _OC1CON1bits = 0x190
                    0x0192                  OC1CON2 = 0x192
                    0x0192                  _OC1CON2 = 0x192
                    0x0192                  _OC1CON2bits = 0x192
                    0x0194                  OC1RS = 0x194
                    0x0194                  _OC1RS = 0x194
                    0x0196                  OC1R = 0x196
                    0x0196                  _OC1R = 0x196
                    0x0198                  OC1TMR = 0x198
                    0x0198                  _OC1TMR = 0x198
                    0x019a                  OC2CON1 = 0x19a
                    0x019a                  _OC2CON1 = 0x19a
                    0x019a                  _OC2CON1bits = 0x19a
                    0x019c                  OC2CON2 = 0x19c
                    0x019c                  _OC2CON2 = 0x19c
                    0x019c                  _OC2CON2bits = 0x19c
                    0x019e                  OC2RS = 0x19e
                    0x019e                  _OC2RS = 0x19e
                    0x01a0                  OC2R = 0x1a0
                    0x01a0                  _OC2R = 0x1a0
                    0x01a2                  OC2TMR = 0x1a2
                    0x01a2                  _OC2TMR = 0x1a2
                    0x01a4                  OC3CON1 = 0x1a4
                    0x01a4                  _OC3CON1 = 0x1a4
                    0x01a4                  _OC3CON1bits = 0x1a4
                    0x01a6                  OC3CON2 = 0x1a6
                    0x01a6                  _OC3CON2 = 0x1a6
                    0x01a6                  _OC3CON2bits = 0x1a6
                    0x01a8                  OC3RS = 0x1a8
                    0x01a8                  _OC3RS = 0x1a8
                    0x01aa                  OC3R = 0x1aa
                    0x01aa                  _OC3R = 0x1aa
                    0x01ac                  OC3TMR = 0x1ac
                    0x01ac                  _OC3TMR = 0x1ac
                    0x01ae                  OC4CON1 = 0x1ae
                    0x01ae                  _OC4CON1 = 0x1ae
                    0x01ae                  _OC4CON1bits = 0x1ae
                    0x01b0                  OC4CON2 = 0x1b0
                    0x01b0                  _OC4CON2 = 0x1b0
                    0x01b0                  _OC4CON2bits = 0x1b0
                    0x01b2                  OC4RS = 0x1b2
                    0x01b2                  _OC4RS = 0x1b2
                    0x01b4                  OC4R = 0x1b4
                    0x01b4                  _OC4R = 0x1b4
                    0x01b6                  OC4TMR = 0x1b6
                    0x01b6                  _OC4TMR = 0x1b6
                    0x01b8                  OC5CON1 = 0x1b8
                    0x01b8                  _OC5CON1 = 0x1b8
                    0x01b8                  _OC5CON1bits = 0x1b8
                    0x01ba                  OC5CON2 = 0x1ba
                    0x01ba                  _OC5CON2 = 0x1ba
                    0x01ba                  _OC5CON2bits = 0x1ba
                    0x01bc                  OC5RS = 0x1bc
                    0x01bc                  _OC5RS = 0x1bc
                    0x01be                  OC5R = 0x1be
                    0x01be                  _OC5R = 0x1be
                    0x01c0                  OC5TMR = 0x1c0
                    0x01c0                  _OC5TMR = 0x1c0
                    0x0200                  I2C1RCV = 0x200
                    0x0200                  _I2C1RCV = 0x200
                    0x0202                  I2C1TRN = 0x202
                    0x0202                  _I2C1TRN = 0x202
                    0x0204                  I2C1BRG = 0x204
                    0x0204                  _I2C1BRG = 0x204
                    0x0206                  I2C1CON = 0x206
                    0x0206                  _I2C1CON = 0x206
                    0x0206                  _I2C1CONbits = 0x206
                    0x0208                  I2C1STAT = 0x208
                    0x0208                  _I2C1STAT = 0x208
                    0x0208                  _I2C1STATbits = 0x208
                    0x020a                  I2C1ADD = 0x20a
                    0x020a                  _I2C1ADD = 0x20a
                    0x020c                  I2C1MSK = 0x20c
                    0x020c                  _I2C1MSK = 0x20c
                    0x0210                  I2C2RCV = 0x210
                    0x0210                  _I2C2RCV = 0x210
                    0x0212                  I2C2TRN = 0x212
                    0x0212                  _I2C2TRN = 0x212
                    0x0214                  I2C2BRG = 0x214
                    0x0214                  _I2C2BRG = 0x214
                    0x0216                  I2C2CON = 0x216
                    0x0216                  _I2C2CON = 0x216
                    0x0216                  _I2C2CONbits = 0x216
                    0x0218                  I2C2STAT = 0x218
                    0x0218                  _I2C2STAT = 0x218
                    0x0218                  _I2C2STATbits = 0x218
                    0x021a                  I2C2ADD = 0x21a
                    0x021a                  _I2C2ADD = 0x21a
                    0x021c                  I2C2MSK = 0x21c
                    0x021c                  _I2C2MSK = 0x21c
                    0x0220                  U1MODE = 0x220
                    0x0220                  _U1MODE = 0x220
                    0x0220                  _U1MODEbits = 0x220
                    0x0222                  U1STA = 0x222
                    0x0222                  _U1STA = 0x222
                    0x0222                  _U1STAbits = 0x222
                    0x0224                  U1TXREG = 0x224
                    0x0224                  _U1TXREG = 0x224
                    0x0224                  _U1TXREGbits = 0x224
                    0x0226                  U1RXREG = 0x226
                    0x0226                  _U1RXREG = 0x226
                    0x0226                  _U1RXREGbits = 0x226
                    0x0228                  U1BRG = 0x228
                    0x0228                  _U1BRG = 0x228
                    0x0230                  U2MODE = 0x230
                    0x0230                  _U2MODE = 0x230
                    0x0230                  _U2MODEbits = 0x230
                    0x0232                  U2STA = 0x232
                    0x0232                  _U2STA = 0x232
                    0x0232                  _U2STAbits = 0x232
                    0x0234                  U2TXREG = 0x234
                    0x0234                  _U2TXREG = 0x234
                    0x0234                  _U2TXREGbits = 0x234
                    0x0236                  U2RXREG = 0x236
                    0x0236                  _U2RXREG = 0x236
                    0x0236                  _U2RXREGbits = 0x236
                    0x0238                  U2BRG = 0x238
                    0x0238                  _U2BRG = 0x238
                    0x0240                  SPI1STAT = 0x240
                    0x0240                  _SPI1STAT = 0x240
                    0x0240                  _SPI1STATbits = 0x240
                    0x0242                  SPI1CON1 = 0x242
                    0x0242                  _SPI1CON1 = 0x242
                    0x0242                  _SPI1CON1bits = 0x242
                    0x0244                  SPI1CON2 = 0x244
                    0x0244                  _SPI1CON2 = 0x244
                    0x0244                  _SPI1CON2bits = 0x244
                    0x0248                  SPI1BUF = 0x248
                    0x0248                  _SPI1BUF = 0x248
                    0x0260                  SPI2STAT = 0x260
                    0x0260                  _SPI2STAT = 0x260
                    0x0260                  _SPI2STATbits = 0x260
                    0x0262                  SPI2CON1 = 0x262
                    0x0262                  _SPI2CON1 = 0x262
                    0x0262                  _SPI2CON1bits = 0x262
                    0x0264                  SPI2CON2 = 0x264
                    0x0264                  _SPI2CON2 = 0x264
                    0x0264                  _SPI2CON2bits = 0x264
                    0x0268                  SPI2BUF = 0x268
                    0x0268                  _SPI2BUF = 0x268
                    0x02c0                  TRISA = 0x2c0
                    0x02c0                  _TRISA = 0x2c0
                    0x02c0                  _TRISAbits = 0x2c0
                    0x02c2                  PORTA = 0x2c2
                    0x02c2                  _PORTA = 0x2c2
                    0x02c2                  _PORTAbits = 0x2c2
                    0x02c4                  LATA = 0x2c4
                    0x02c4                  _LATA = 0x2c4
                    0x02c4                  _LATAbits = 0x2c4
                    0x02c6                  ODCA = 0x2c6
                    0x02c6                  _ODCA = 0x2c6
                    0x02c6                  _ODCAbits = 0x2c6
                    0x02c8                  TRISB = 0x2c8
                    0x02c8                  _TRISB = 0x2c8
                    0x02c8                  _TRISBbits = 0x2c8
                    0x02ca                  PORTB = 0x2ca
                    0x02ca                  _PORTB = 0x2ca
                    0x02ca                  _PORTBbits = 0x2ca
                    0x02cc                  LATB = 0x2cc
                    0x02cc                  _LATB = 0x2cc
                    0x02cc                  _LATBbits = 0x2cc
                    0x02ce                  ODCB = 0x2ce
                    0x02ce                  _ODCB = 0x2ce
                    0x02ce                  _ODCBbits = 0x2ce
                    0x02d0                  TRISC = 0x2d0
                    0x02d0                  _TRISC = 0x2d0
                    0x02d0                  _TRISCbits = 0x2d0
                    0x02d2                  PORTC = 0x2d2
                    0x02d2                  _PORTC = 0x2d2
                    0x02d2                  _PORTCbits = 0x2d2
                    0x02d4                  LATC = 0x2d4
                    0x02d4                  _LATC = 0x2d4
                    0x02d4                  _LATCbits = 0x2d4
                    0x02d6                  ODCC = 0x2d6
                    0x02d6                  _ODCC = 0x2d6
                    0x02d6                  _ODCCbits = 0x2d6
                    0x02fc                  PADCFG1 = 0x2fc
                    0x02fc                  _PADCFG1 = 0x2fc
                    0x02fc                  _PADCFG1bits = 0x2fc
                    0x0300                  ADC1BUF0 = 0x300
                    0x0300                  _ADC1BUF0 = 0x300
                    0x0302                  ADC1BUF1 = 0x302
                    0x0302                  _ADC1BUF1 = 0x302
                    0x0304                  ADC1BUF2 = 0x304
                    0x0304                  _ADC1BUF2 = 0x304
                    0x0306                  ADC1BUF3 = 0x306
                    0x0306                  _ADC1BUF3 = 0x306
                    0x0308                  ADC1BUF4 = 0x308
                    0x0308                  _ADC1BUF4 = 0x308
                    0x030a                  ADC1BUF5 = 0x30a
                    0x030a                  _ADC1BUF5 = 0x30a
                    0x030c                  ADC1BUF6 = 0x30c
                    0x030c                  _ADC1BUF6 = 0x30c
                    0x030e                  ADC1BUF7 = 0x30e
                    0x030e                  _ADC1BUF7 = 0x30e
                    0x0310                  ADC1BUF8 = 0x310
                    0x0310                  _ADC1BUF8 = 0x310
                    0x0312                  ADC1BUF9 = 0x312
                    0x0312                  _ADC1BUF9 = 0x312
                    0x0314                  ADC1BUFA = 0x314
                    0x0314                  _ADC1BUFA = 0x314
                    0x0316                  ADC1BUFB = 0x316
                    0x0316                  _ADC1BUFB = 0x316
                    0x0318                  ADC1BUFC = 0x318
                    0x0318                  _ADC1BUFC = 0x318
                    0x031a                  ADC1BUFD = 0x31a
                    0x031a                  _ADC1BUFD = 0x31a
                    0x031c                  ADC1BUFE = 0x31c
                    0x031c                  _ADC1BUFE = 0x31c
                    0x031e                  ADC1BUFF = 0x31e
                    0x031e                  _ADC1BUFF = 0x31e
                    0x0320                  AD1CON1 = 0x320
                    0x0320                  _AD1CON1 = 0x320
                    0x0320                  _AD1CON1bits = 0x320
                    0x0322                  AD1CON2 = 0x322
                    0x0322                  _AD1CON2 = 0x322
                    0x0322                  _AD1CON2bits = 0x322
                    0x0324                  AD1CON3 = 0x324
                    0x0324                  _AD1CON3 = 0x324
                    0x0324                  _AD1CON3bits = 0x324
                    0x0328                  AD1CHS = 0x328
                    0x0328                  _AD1CHS = 0x328
                    0x0328                  _AD1CHSbits = 0x328
                    0x0328                  AD1CHS0 = 0x328
                    0x0328                  _AD1CHS0 = 0x328
                    0x0328                  _AD1CHS0bits = 0x328
                    0x032c                  AD1PCFG = 0x32c
                    0x032c                  _AD1PCFG = 0x32c
                    0x032c                  _AD1PCFGbits = 0x32c
                    0x032c                  AD1PCFGL = 0x32c
                    0x032c                  _AD1PCFGL = 0x32c
                    0x032c                  _AD1PCFGLbits = 0x32c
                    0x0330                  AD1CSSL = 0x330
                    0x0330                  _AD1CSSL = 0x330
                    0x0330                  _AD1CSSLbits = 0x330
                    0x033c                  CTMUCON = 0x33c
                    0x033c                  _CTMUCON = 0x33c
                    0x033c                  _CTMUCONbits = 0x33c
                    0x033e                  CTMUICON = 0x33e
                    0x033e                  _CTMUICON = 0x33e
                    0x033e                  _CTMUICONbits = 0x33e
                    0x0480                  U1OTGIR = 0x480
                    0x0480                  _U1OTGIR = 0x480
                    0x0480                  _U1OTGIRbits = 0x480
                    0x0482                  U1OTGIE = 0x482
                    0x0482                  _U1OTGIE = 0x482
                    0x0482                  _U1OTGIEbits = 0x482
                    0x0484                  U1OTGSTAT = 0x484
                    0x0484                  _U1OTGSTAT = 0x484
                    0x0484                  _U1OTGSTATbits = 0x484
                    0x0486                  U1OTGCON = 0x486
                    0x0486                  _U1OTGCON = 0x486
                    0x0486                  _U1OTGCONbits = 0x486
                    0x0488                  U1PWRC = 0x488
                    0x0488                  _U1PWRC = 0x488
                    0x0488                  _U1PWRCbits = 0x488
                    0x048a                  U1IR = 0x48a
                    0x048a                  _U1IR = 0x48a
                    0x048a                  _U1IRbits = 0x48a
                    0x048c                  U1IE = 0x48c
                    0x048c                  _U1IE = 0x48c
                    0x048c                  _U1IEbits = 0x48c
                    0x048e                  U1EIR = 0x48e
                    0x048e                  _U1EIR = 0x48e
                    0x048e                  _U1EIRbits = 0x48e
                    0x0490                  U1EIE = 0x490
                    0x0490                  _U1EIE = 0x490
                    0x0490                  _U1EIEbits = 0x490
                    0x0492                  U1STAT = 0x492
                    0x0492                  _U1STAT = 0x492
                    0x0492                  _U1STATbits = 0x492
                    0x0494                  U1CON = 0x494
                    0x0494                  _U1CON = 0x494
                    0x0494                  _U1CONbits = 0x494
                    0x0496                  U1ADDR = 0x496
                    0x0496                  _U1ADDR = 0x496
                    0x0496                  _U1ADDRbits = 0x496
                    0x0498                  U1BDTP1 = 0x498
                    0x0498                  _U1BDTP1 = 0x498
                    0x0498                  _U1BDTP1bits = 0x498
                    0x049a                  U1FRML = 0x49a
                    0x049a                  _U1FRML = 0x49a
                    0x049a                  _U1FRMLbits = 0x49a
                    0x049c                  U1FRMH = 0x49c
                    0x049c                  _U1FRMH = 0x49c
                    0x049c                  _U1FRMHbits = 0x49c
                    0x049e                  U1TOK = 0x49e
                    0x049e                  _U1TOK = 0x49e
                    0x049e                  _U1TOKbits = 0x49e
                    0x04a0                  U1SOF = 0x4a0
                    0x04a0                  _U1SOF = 0x4a0
                    0x04a0                  _U1SOFbits = 0x4a0
                    0x04a6                  U1CNFG1 = 0x4a6
                    0x04a6                  _U1CNFG1 = 0x4a6
                    0x04a6                  _U1CNFG1bits = 0x4a6
                    0x04a8                  U1CNFG2 = 0x4a8
                    0x04a8                  _U1CNFG2 = 0x4a8
                    0x04a8                  _U1CNFG2bits = 0x4a8
                    0x04aa                  U1EP0 = 0x4aa
                    0x04aa                  _U1EP0 = 0x4aa
                    0x04aa                  _U1EP0bits = 0x4aa
                    0x04ac                  U1EP1 = 0x4ac
                    0x04ac                  _U1EP1 = 0x4ac
                    0x04ac                  _U1EP1bits = 0x4ac
                    0x04ae                  U1EP2 = 0x4ae
                    0x04ae                  _U1EP2 = 0x4ae
                    0x04ae                  _U1EP2bits = 0x4ae
                    0x04b0                  U1EP3 = 0x4b0
                    0x04b0                  _U1EP3 = 0x4b0
                    0x04b0                  _U1EP3bits = 0x4b0
                    0x04b2                  U1EP4 = 0x4b2
                    0x04b2                  _U1EP4 = 0x4b2
                    0x04b2                  _U1EP4bits = 0x4b2
                    0x04b4                  U1EP5 = 0x4b4
                    0x04b4                  _U1EP5 = 0x4b4
                    0x04b4                  _U1EP5bits = 0x4b4
                    0x04b6                  U1EP6 = 0x4b6
                    0x04b6                  _U1EP6 = 0x4b6
                    0x04b6                  _U1EP6bits = 0x4b6
                    0x04b8                  U1EP7 = 0x4b8
                    0x04b8                  _U1EP7 = 0x4b8
                    0x04b8                  _U1EP7bits = 0x4b8
                    0x04ba                  U1EP8 = 0x4ba
                    0x04ba                  _U1EP8 = 0x4ba
                    0x04ba                  _U1EP8bits = 0x4ba
                    0x04bc                  U1EP9 = 0x4bc
                    0x04bc                  _U1EP9 = 0x4bc
                    0x04bc                  _U1EP9bits = 0x4bc
                    0x04be                  U1EP10 = 0x4be
                    0x04be                  _U1EP10 = 0x4be
                    0x04be                  _U1EP10bits = 0x4be
                    0x04c0                  U1EP11 = 0x4c0
                    0x04c0                  _U1EP11 = 0x4c0
                    0x04c0                  _U1EP11bits = 0x4c0
                    0x04c2                  U1EP12 = 0x4c2
                    0x04c2                  _U1EP12 = 0x4c2
                    0x04c2                  _U1EP12bits = 0x4c2
                    0x04c4                  U1EP13 = 0x4c4
                    0x04c4                  _U1EP13 = 0x4c4
                    0x04c4                  _U1EP13bits = 0x4c4
                    0x04c6                  U1EP14 = 0x4c6
                    0x04c6                  _U1EP14 = 0x4c6
                    0x04c6                  _U1EP14bits = 0x4c6
                    0x04c8                  U1EP15 = 0x4c8
                    0x04c8                  _U1EP15 = 0x4c8
                    0x04c8                  _U1EP15bits = 0x4c8
                    0x04cc                  U1PWMRRS = 0x4cc
                    0x04cc                  _U1PWMRRS = 0x4cc
                    0x04cc                  _U1PWMRRSbits = 0x4cc
                    0x04ce                  U1PWMCON = 0x4ce
                    0x04ce                  _U1PWMCON = 0x4ce
                    0x04ce                  _U1PWMCONbits = 0x4ce
                    0x0600                  PMCON = 0x600
                    0x0600                  _PMCON = 0x600
                    0x0600                  _PMCONbits = 0x600
                    0x0602                  PMMODE = 0x602
                    0x0602                  _PMMODE = 0x602
                    0x0602                  _PMMODEbits = 0x602
                    0x0604                  PMADDR = 0x604
                    0x0604                  _PMADDR = 0x604
                    0x0604                  _PMADDRbits = 0x604
                    0x0604                  PMDOUT1 = 0x604
                    0x0604                  _PMDOUT1 = 0x604
                    0x0604                  _PMDOUT1bits = 0x604
                    0x0606                  PMDOUT2 = 0x606
                    0x0606                  _PMDOUT2 = 0x606
                    0x0608                  PMDIN1 = 0x608
                    0x0608                  _PMDIN1 = 0x608
                    0x060a                  PMDIN2 = 0x60a
                    0x060a                  _PMDIN2 = 0x60a
                    0x060c                  PMAEN = 0x60c
                    0x060c                  _PMAEN = 0x60c
                    0x060c                  _PMAENbits = 0x60c
                    0x060e                  PMSTAT = 0x60e
                    0x060e                  _PMSTAT = 0x60e
                    0x060e                  _PMSTATbits = 0x60e
                    0x0620                  ALRMVAL = 0x620
                    0x0620                  _ALRMVAL = 0x620
                    0x0622                  ALCFGRPT = 0x622
                    0x0622                  _ALCFGRPT = 0x622
                    0x0622                  _ALCFGRPTbits = 0x622
                    0x0624                  RTCVAL = 0x624
                    0x0624                  _RTCVAL = 0x624
                    0x0626                  RCFGCAL = 0x626
                    0x0626                  _RCFGCAL = 0x626
                    0x0626                  _RCFGCALbits = 0x626
                    0x0640                  CRCCON = 0x640
                    0x0640                  _CRCCON = 0x640
                    0x0640                  _CRCCONbits = 0x640
                    0x0640                  CRCCON1 = 0x640
                    0x0640                  _CRCCON1 = 0x640
                    0x0640                  _CRCCON1bits = 0x640
                    0x0642                  CRCCON2 = 0x642
                    0x0642                  _CRCCON2 = 0x642
                    0x0642                  _CRCCON2bits = 0x642
                    0x0644                  CRCXOR = 0x644
                    0x0644                  _CRCXOR = 0x644
                    0x0644                  _CRCXORbits = 0x644
                    0x0644                  CRCXORL = 0x644
                    0x0644                  _CRCXORL = 0x644
                    0x0644                  _CRCXORLbits = 0x644
                    0x0646                  CRCXORH = 0x646
                    0x0646                  _CRCXORH = 0x646
                    0x0646                  _CRCXORHbits = 0x646
                    0x0648                  CRCDAT = 0x648
                    0x0648                  _CRCDAT = 0x648
                    0x0648                  CRCDAT32 = 0x648
                    0x0648                  _CRCDAT32 = 0x648
                    0x0648                  CRCDAT8 = 0x648
                    0x0648                  _CRCDAT8 = 0x648
                    0x0648                  CRCDATL = 0x648
                    0x0648                  _CRCDATL = 0x648
                    0x064a                  CRCDATH = 0x64a
                    0x064a                  _CRCDATH = 0x64a
                    0x064c                  CRCWDAT = 0x64c
                    0x064c                  _CRCWDAT = 0x64c
                    0x064c                  CRCWDATL = 0x64c
                    0x064c                  _CRCWDATL = 0x64c
                    0x064e                  CRCWDATH = 0x64e
                    0x064e                  _CRCWDATH = 0x64e
                    0x0650                  CMSTAT = 0x650
                    0x0650                  _CMSTAT = 0x650
                    0x0650                  _CMSTATbits = 0x650
                    0x0652                  CVRCON = 0x652
                    0x0652                  _CVRCON = 0x652
                    0x0652                  _CVRCONbits = 0x652
                    0x0654                  CM1CON = 0x654
                    0x0654                  _CM1CON = 0x654
                    0x0654                  _CM1CONbits = 0x654
                    0x065c                  CM2CON = 0x65c
                    0x065c                  _CM2CON = 0x65c
                    0x065c                  _CM2CONbits = 0x65c
                    0x0664                  CM3CON = 0x664
                    0x0664                  _CM3CON = 0x664
                    0x0664                  _CM3CONbits = 0x664
                    0x0680                  RPINR0 = 0x680
                    0x0680                  _RPINR0 = 0x680
                    0x0680                  _RPINR0bits = 0x680
                    0x0682                  RPINR1 = 0x682
                    0x0682                  _RPINR1 = 0x682
                    0x0682                  _RPINR1bits = 0x682
                    0x0686                  RPINR3 = 0x686
                    0x0686                  _RPINR3 = 0x686
                    0x0686                  _RPINR3bits = 0x686
                    0x0688                  RPINR4 = 0x688
                    0x0688                  _RPINR4 = 0x688
                    0x0688                  _RPINR4bits = 0x688
                    0x068e                  RPINR7 = 0x68e
                    0x068e                  _RPINR7 = 0x68e
                    0x068e                  _RPINR7bits = 0x68e
                    0x0690                  RPINR8 = 0x690
                    0x0690                  _RPINR8 = 0x690
                    0x0690                  _RPINR8bits = 0x690
                    0x0692                  RPINR9 = 0x692
                    0x0692                  _RPINR9 = 0x692
                    0x0692                  _RPINR9bits = 0x692
                    0x0696                  RPINR11 = 0x696
                    0x0696                  _RPINR11 = 0x696
                    0x0696                  _RPINR11bits = 0x696
                    0x06a4                  RPINR18 = 0x6a4
                    0x06a4                  _RPINR18 = 0x6a4
                    0x06a4                  _RPINR18bits = 0x6a4
                    0x06a6                  RPINR19 = 0x6a6
                    0x06a6                  _RPINR19 = 0x6a6
                    0x06a6                  _RPINR19bits = 0x6a6
                    0x06a8                  RPINR20 = 0x6a8
                    0x06a8                  _RPINR20 = 0x6a8
                    0x06a8                  _RPINR20bits = 0x6a8
                    0x06aa                  RPINR21 = 0x6aa
                    0x06aa                  _RPINR21 = 0x6aa
                    0x06aa                  _RPINR21bits = 0x6aa
                    0x06ac                  RPINR22 = 0x6ac
                    0x06ac                  _RPINR22 = 0x6ac
                    0x06ac                  _RPINR22bits = 0x6ac
                    0x06ae                  RPINR23 = 0x6ae
                    0x06ae                  _RPINR23 = 0x6ae
                    0x06ae                  _RPINR23bits = 0x6ae
                    0x06c0                  RPOR0 = 0x6c0
                    0x06c0                  _RPOR0 = 0x6c0
                    0x06c0                  _RPOR0bits = 0x6c0
                    0x06c2                  RPOR1 = 0x6c2
                    0x06c2                  _RPOR1 = 0x6c2
                    0x06c2                  _RPOR1bits = 0x6c2
                    0x06c4                  RPOR2 = 0x6c4
                    0x06c4                  _RPOR2 = 0x6c4
                    0x06c4                  _RPOR2bits = 0x6c4
                    0x06c6                  RPOR3 = 0x6c6
                    0x06c6                  _RPOR3 = 0x6c6
                    0x06c6                  _RPOR3bits = 0x6c6
                    0x06c8                  RPOR4 = 0x6c8
                    0x06c8                  _RPOR4 = 0x6c8
                    0x06c8                  _RPOR4bits = 0x6c8
                    0x06ca                  RPOR5 = 0x6ca
                    0x06ca                  _RPOR5 = 0x6ca
                    0x06ca                  _RPOR5bits = 0x6ca
                    0x06cc                  RPOR6 = 0x6cc
                    0x06cc                  _RPOR6 = 0x6cc
                    0x06cc                  _RPOR6bits = 0x6cc
                    0x06ce                  RPOR7 = 0x6ce
                    0x06ce                  _RPOR7 = 0x6ce
                    0x06ce                  _RPOR7bits = 0x6ce
                    0x06d0                  RPOR8 = 0x6d0
                    0x06d0                  _RPOR8 = 0x6d0
                    0x06d0                  _RPOR8bits = 0x6d0
                    0x06d2                  RPOR9 = 0x6d2
                    0x06d2                  _RPOR9 = 0x6d2
                    0x06d2                  _RPOR9bits = 0x6d2
                    0x06d4                  RPOR10 = 0x6d4
                    0x06d4                  _RPOR10 = 0x6d4
                    0x06d4                  _RPOR10bits = 0x6d4
                    0x06d6                  RPOR11 = 0x6d6
                    0x06d6                  _RPOR11 = 0x6d6
                    0x06d6                  _RPOR11bits = 0x6d6
                    0x06d8                  RPOR12 = 0x6d8
                    0x06d8                  _RPOR12 = 0x6d8
                    0x06d8                  _RPOR12bits = 0x6d8
                    0x0740                  RCON = 0x740
                    0x0740                  _RCON = 0x740
                    0x0740                  _RCONbits = 0x740
                    0x0742                  OSCCON = 0x742
                    0x0742                  _OSCCON = 0x742
                    0x0742                  _OSCCONbits = 0x742
                    0x0742                  OSCCONL = 0x742
                    0x0742                  _OSCCONL = 0x742
                    0x0743                  OSCCONH = 0x743
                    0x0743                  _OSCCONH = 0x743
                    0x0744                  CLKDIV = 0x744
                    0x0744                  _CLKDIV = 0x744
                    0x0744                  _CLKDIVbits = 0x744
                    0x0748                  OSCTUN = 0x748
                    0x0748                  _OSCTUN = 0x748
                    0x0748                  _OSCTUNbits = 0x748
                    0x074e                  REFOCON = 0x74e
                    0x074e                  _REFOCON = 0x74e
                    0x074e                  _REFOCONbits = 0x74e
                    0x0758                  DSCON = 0x758
                    0x0758                  _DSCON = 0x758
                    0x0758                  _DSCONbits = 0x758
                    0x075a                  DSWAKE = 0x75a
                    0x075a                  _DSWAKE = 0x75a
                    0x075a                  _DSWAKEbits = 0x75a
                    0x075c                  DSGPR0 = 0x75c
                    0x075c                  _DSGPR0 = 0x75c
                    0x075c                  _DSGPR0bits = 0x75c
                    0x075e                  DSGPR1 = 0x75e
                    0x075e                  _DSGPR1 = 0x75e
                    0x075e                  _DSGPR1bits = 0x75e
                    0x0760                  NVMCON = 0x760
                    0x0760                  _NVMCON = 0x760
                    0x0760                  _NVMCONbits = 0x760
                    0x0766                  NVMKEY = 0x766
                    0x0766                  _NVMKEY = 0x766
                    0x0770                  PMD1 = 0x770
                    0x0770                  _PMD1 = 0x770
                    0x0770                  _PMD1bits = 0x770
                    0x0772                  PMD2 = 0x772
                    0x0772                  _PMD2 = 0x772
                    0x0772                  _PMD2bits = 0x772
                    0x0774                  PMD3 = 0x774
                    0x0774                  _PMD3 = 0x774
                    0x0774                  _PMD3bits = 0x774
                    0x0776                  PMD4 = 0x776
                    0x0776                  _PMD4 = 0x776
                    0x0776                  _PMD4bits = 0x776
                    0x0144                  IC1 = 0x144
                    0x0144                  _IC1 = 0x144
                    0x014c                  IC2 = 0x14c
                    0x014c                  _IC2 = 0x14c
                    0x0154                  IC3 = 0x154
                    0x0154                  _IC3 = 0x154
                    0x015c                  IC4 = 0x15c
                    0x015c                  _IC4 = 0x15c
                    0x0164                  IC5 = 0x164
                    0x0164                  _IC5 = 0x164
                    0x0194                  OC1 = 0x194
                    0x0194                  _OC1 = 0x194
                    0x019e                  OC2 = 0x19e
                    0x019e                  _OC2 = 0x19e
                    0x01a8                  OC3 = 0x1a8
                    0x01a8                  _OC3 = 0x1a8
                    0x01b2                  OC4 = 0x1b2
                    0x01b2                  _OC4 = 0x1b2
                    0x01bc                  OC5 = 0x1bc
                    0x01bc                  _OC5 = 0x1bc
                    0x0240                  SPI1 = 0x240
                    0x0240                  _SPI1 = 0x240
                    0x0260                  SPI2 = 0x260
                    0x0260                  _SPI2 = 0x260
                    0x0220                  UART1 = 0x220
                    0x0220                  _UART1 = 0x220
                    0x0230                  UART2 = 0x230
                    0x0230                  _UART2 = 0x230
START GROUP
LOAD /Applications/microchip/xc16/v1.26/bin/bin/../../lib/libpic30-elf.a
LOAD /Applications/microchip/xc16/v1.26/bin/bin/../../lib/libm-elf.a
LOAD /Applications/microchip/xc16/v1.26/bin/bin/../../lib/libc-elf.a
END GROUP
OUTPUT(dist/default/production/BTKBD.X.production.elf elf32-pic30)
LOAD jump_table
LOAD default_isr
LOAD heap
LOAD data_init
LOAD shared_data_init

.debug_pubtypes
                  0x000228       0x1bc2
 .debug_pubtypes
                  0x000228        0x294 build/default/production/sbxbt_hid_ms910/btstack/btstack_memory.o
 .debug_pubtypes
                  0x0004bc        0x1cc build/default/production/sbxbt_hid_ms910/btstack/hci.o
 .debug_pubtypes
                  0x000688         0x52 build/default/production/sbxbt_hid_ms910/btstack/hci_cmds.o
 .debug_pubtypes
                  0x0006da         0x41 build/default/production/sbxbt_hid_ms910/btstack/hci_dump.o
 .debug_pubtypes
                  0x00071b        0x112 build/default/production/sbxbt_hid_ms910/btstack/hci_transport_picusb.o
 .debug_pubtypes
                  0x00082d        0x1d9 build/default/production/sbxbt_hid_ms910/btstack/l2cap.o
 .debug_pubtypes
                  0x000a06         0x69 build/default/production/sbxbt_hid_ms910/btstack/l2cap_signaling.o
 .debug_pubtypes
                  0x000a6f         0x46 build/default/production/sbxbt_hid_ms910/btstack/linked_list.o
 .debug_pubtypes
                  0x000ab5         0x38 build/default/production/sbxbt_hid_ms910/btstack/memory_pool.o
 .debug_pubtypes
                  0x000aed         0xf7 build/default/production/sbxbt_hid_ms910/btstack/remote_device_db_memory.o
 .debug_pubtypes
                  0x000be4        0x277 build/default/production/sbxbt_hid_ms910/btstack/rfcomm.o
 .debug_pubtypes
                  0x000e5b         0xa1 build/default/production/sbxbt_hid_ms910/btstack/run_loop.o
 .debug_pubtypes
                  0x000efc         0xa1 build/default/production/sbxbt_hid_ms910/btstack/run_loop_embedded.o
 .debug_pubtypes
                  0x000f9d         0x97 build/default/production/sbxbt_hid_ms910/btstack/sdp.o
 .debug_pubtypes
                  0x001034        0x1a9 build/default/production/sbxbt_hid_ms910/btstack/sdp_util.o
 .debug_pubtypes
                  0x0011dd         0x38 build/default/production/sbxbt_hid_ms910/btstack/utils.o
 .debug_pubtypes
                  0x001215         0x95 build/default/production/sbxbt_hid_ms910/Common/uart2.o
 .debug_pubtypes
                  0x0012aa         0x9e build/default/production/sbxbt_hid_ms910/Common/uart1.o
 .debug_pubtypes
                  0x001348        0x517 build/default/production/sbxbt_hid_ms910/USB/usb_host.o
 .debug_pubtypes
                  0x00185f         0xf2 build/default/production/sbxbt_hid_ms910/USB/usb_host_bluetooth.o
 .debug_pubtypes
                  0x001951        0x2aa build/default/production/sbxbt_hid_ms910/main.o
 .debug_pubtypes
                  0x001bfb         0xca build/default/production/sbxbt_hid_ms910/usb_config.o
 .debug_pubtypes
                  0x001cc5         0x1e build/default/production/sbxbt_hid_ms910/xprintf.o
 .debug_pubtypes
                  0x001ce3        0x107 build/default/production/sbxbt_hid_ms910/flash.o

__c30_signature
                  0x001dea         0xde
 __c30_signature
                  0x001dea          0x6 build/default/production/sbxbt_hid_ms910/btstack/btstack_memory.o
 __c30_signature
                  0x001df0          0x6 build/default/production/sbxbt_hid_ms910/btstack/hci.o
 __c30_signature
                  0x001df6          0x6 build/default/production/sbxbt_hid_ms910/btstack/hci_cmds.o
 __c30_signature
                  0x001dfc          0x6 build/default/production/sbxbt_hid_ms910/btstack/hci_dump.o
 __c30_signature
                  0x001e02          0x6 build/default/production/sbxbt_hid_ms910/btstack/hci_transport_picusb.o
 __c30_signature
                  0x001e08          0x6 build/default/production/sbxbt_hid_ms910/btstack/l2cap.o
 __c30_signature
                  0x001e0e          0x6 build/default/production/sbxbt_hid_ms910/btstack/l2cap_signaling.o
 __c30_signature
                  0x001e14          0x6 build/default/production/sbxbt_hid_ms910/btstack/linked_list.o
 __c30_signature
                  0x001e1a          0x6 build/default/production/sbxbt_hid_ms910/btstack/memory_pool.o
 __c30_signature
                  0x001e20          0x6 build/default/production/sbxbt_hid_ms910/btstack/remote_device_db_memory.o
 __c30_signature
                  0x001e26          0x6 build/default/production/sbxbt_hid_ms910/btstack/rfcomm.o
 __c30_signature
                  0x001e2c          0x6 build/default/production/sbxbt_hid_ms910/btstack/run_loop.o
 __c30_signature
                  0x001e32          0x6 build/default/production/sbxbt_hid_ms910/btstack/run_loop_embedded.o
 __c30_signature
                  0x001e38          0x6 build/default/production/sbxbt_hid_ms910/btstack/sdp.o
 __c30_signature
                  0x001e3e          0x6 build/default/production/sbxbt_hid_ms910/btstack/sdp_util.o
 __c30_signature
                  0x001e44          0x6 build/default/production/sbxbt_hid_ms910/btstack/utils.o
 __c30_signature
                  0x001e4a          0x6 build/default/production/sbxbt_hid_ms910/Common/uart2.o
 __c30_signature
                  0x001e50          0x6 build/default/production/sbxbt_hid_ms910/Common/uart1.o
 __c30_signature
                  0x001e56          0x6 build/default/production/sbxbt_hid_ms910/USB/usb_host.o
 __c30_signature
                  0x001e5c          0x6 build/default/production/sbxbt_hid_ms910/USB/usb_host_bluetooth.o
 __c30_signature
                  0x001e62          0x6 build/default/production/sbxbt_hid_ms910/main.o
 __c30_signature
                  0x001e68          0x6 build/default/production/sbxbt_hid_ms910/usb_config.o
 __c30_signature
                  0x001e6e          0x6 build/default/production/sbxbt_hid_ms910/xprintf.o
 __c30_signature
                  0x001e74          0x6 build/default/production/sbxbt_hid_ms910/flash.o
 __c30_signature
                  0x001e7a          0x6 /Applications/microchip/xc16/v1.26/bin/bin/../../lib/libpic30-elf.a(crt0_standard.o)
 __c30_signature
                  0x001e80          0x6 /Applications/microchip/xc16/v1.26/bin/bin/../../lib/libpic30-elf.a(data_init_standard.o)
 __c30_signature
                  0x001e86          0x6 /Applications/microchip/xc16/v1.26/bin/bin/../../lib/libm-elf.a(udivsi3.eo)
 __c30_signature
                  0x001e8c          0x6 /Applications/microchip/xc16/v1.26/bin/bin/../../lib/libm-elf.a(umodsi3.eo)
 __c30_signature
                  0x001e92          0x6 /Applications/microchip/xc16/v1.26/bin/bin/../../lib/libc-elf.a(malloc.eo)
 __c30_signature
                  0x001e98          0x6 /Applications/microchip/xc16/v1.26/bin/bin/../../lib/libc-elf.a(memcmp.eo)
 __c30_signature
                  0x001e9e          0x6 /Applications/microchip/xc16/v1.26/bin/bin/../../lib/libc-elf.a(memcpy.eo)
 __c30_signature
                  0x001ea4          0x6 /Applications/microchip/xc16/v1.26/bin/bin/../../lib/libc-elf.a(memset.eo)
 __c30_signature
                  0x001eaa          0x6 /Applications/microchip/xc16/v1.26/bin/bin/../../lib/libc-elf.a(strlen.eo)
 __c30_signature
                  0x001eb0          0x6 /Applications/microchip/xc16/v1.26/bin/bin/../../lib/libc-elf.a(strncmp.eo)
 __c30_signature
                  0x001eb6          0x6 /Applications/microchip/xc16/v1.26/bin/bin/../../lib/libc-elf.a(strncpy.eo)
 __c30_signature
                  0x001ebc          0x6 /Applications/microchip/xc16/v1.26/bin/bin/../../lib/libpic30-elf.a(sbrk.eo)
 __c30_signature
                  0x001ec2          0x6 /Applications/microchip/xc16/v1.26/bin/bin/../../lib/libpic30-elf.a(brk.elo)

.nbss               0x0800         0x9a
 .nbss              0x0800         0x22 build/default/production/sbxbt_hid_ms910/main.o
                    0x0812                  _last_key
                    0x0814                  _last_mod
                    0x0816                  _last_char
                    0x0818                  _last_key_new
                    0x0819                  _deviceAddress
 .nbss              0x0822         0x1a build/default/production/sbxbt_hid_ms910/USB/usb_host.o
                    0x0822                  _pCurrentConfigurationDescriptor
                    0x0824                  _pDeviceDescriptor
                    0x0826                  _usbOverrideHostState
                    0x0828                  _usb_tick_handler
 .nbss              0x083c         0x12 build/default/production/sbxbt_hid_ms910/btstack/btstack_memory.o
 .nbss              0x084e          0xc build/default/production/sbxbt_hid_ms910/btstack/hci_transport_picusb.o
                    0x084e                  _libusb_state
 .nbss              0x085a          0xc build/default/production/sbxbt_hid_ms910/btstack/l2cap.o
 .nbss              0x0866          0xc build/default/production/sbxbt_hid_ms910/Common/uart1.o
 .nbss              0x0872          0xa build/default/production/sbxbt_hid_ms910/btstack/rfcomm.o
 .nbss              0x087c          0xa build/default/production/sbxbt_hid_ms910/btstack/run_loop_embedded.o
 .nbss              0x0886          0x8 build/default/production/sbxbt_hid_ms910/btstack/sdp.o
 .nbss              0x088e          0x6 build/default/production/sbxbt_hid_ms910/btstack/remote_device_db_memory.o
                    0x088e                  _db_mem_link_keys
                    0x0890                  _db_mem_names
 .nbss              0x0894          0x6 build/default/production/sbxbt_hid_ms910/Common/uart2.o

.ndata              0x089a          0x8
 .ndata             0x089a          0x4 build/default/production/sbxbt_hid_ms910/btstack/l2cap_signaling.o
                    0x089a                  _sig_seq_nr
                    0x089c                  _source_cid
 .ndata             0x089e          0x4 build/default/production/sbxbt_hid_ms910/btstack/sdp.o

.nbss               0x08a2          0x4
 .nbss              0x08a2          0x4 build/default/production/sbxbt_hid_ms910/xprintf.o
                    0x08a2                  _xfunc_out

.ndata              0x08a6          0x4
 .ndata             0x08a6          0x2 build/default/production/sbxbt_hid_ms910/btstack/hci_transport_picusb.o
 .ndata             0x08a8          0x2 build/default/production/sbxbt_hid_ms910/btstack/l2cap.o

.nbss               0x08aa          0x2
 .nbss              0x08aa          0x2 build/default/production/sbxbt_hid_ms910/btstack/run_loop.o

.bss                0x08ac        0x954
 .bss               0x08ac        0x480 build/default/production/sbxbt_hid_ms910/Common/uart1.o
 .bss               0x0d2c        0x23a build/default/production/sbxbt_hid_ms910/btstack/btstack_memory.o
 .bss               0x0f66        0x13a build/default/production/sbxbt_hid_ms910/btstack/hci_transport_picusb.o
 .bss               0x10a0        0x122 build/default/production/sbxbt_hid_ms910/btstack/hci.o
 .bss               0x11c2         0x3e build/default/production/sbxbt_hid_ms910/main.o
                    0x11c2                  _reader_bdaddr
                    0x11c8                  _lineBuffer
                    0x11e8                  _last_keyboard_state
                    0x11ee                  _input
                    0x11fa                  _addr_global

_0x192a39857f8f912
                    0x1200         0x10
 _0x192a39857f8f912
                    0x1200         0x10 build/default/production/sbxbt_hid_ms910/USB/usb_host.o

.bss                0x1210        0x180
 .bss               0x1210         0x90 build/default/production/sbxbt_hid_ms910/USB/usb_host.o
 .bss               0x12a0         0x88 build/default/production/sbxbt_hid_ms910/Common/uart2.o
 .bss               0x1328         0x34 build/default/production/sbxbt_hid_ms910/btstack/sdp.o
 .bss               0x135c         0x12 build/default/production/sbxbt_hid_ms910/btstack/l2cap.o
 .bss               0x136e         0x12 build/default/production/sbxbt_hid_ms910/btstack/utils.o
 .bss               0x1380         0x10 build/default/production/sbxbt_hid_ms910/USB/usb_host_bluetooth.o
                    0x1380                  _gc_DevData

.data               0x1390         0x10
 .data              0x1390         0x10 build/default/production/sbxbt_hid_ms910/usb_config.o
                    0x1390                  _usbClientDrvTable
                    0x1398                  _usbTPL

.bss                0x13a0         0x12
 .bss               0x13a0         0x10 /Applications/microchip/xc16/v1.26/bin/bin/../../lib/libc-elf.a(malloc.eo)
                    0x13a0                  ___allocs
                    0x13a8                  ___allocp
                    0x13aa                  ___alloct
                    0x13ac                  ___allocx
 .bss               0x13b0          0x2 /Applications/microchip/xc16/v1.26/bin/bin/../../lib/libpic30-elf.a(brk.elo)
                    0x13b0                  ___curbrk

.heap               0x13b2        0x800
 .heap              0x13b2        0x800 heap

.ivt._U2RXInterrupt
                  0x000050          0x2
 .ivt._U2RXInterrupt
                  0x000050          0x2 build/default/production/sbxbt_hid_ms910/Common/uart2.o

.ivt._U2TXInterrupt
                  0x000052          0x2
 .ivt._U2TXInterrupt
                  0x000052          0x2 build/default/production/sbxbt_hid_ms910/Common/uart2.o

.ivt._U1RXInterrupt
                  0x00002a          0x2
 .ivt._U1RXInterrupt
                  0x00002a          0x2 build/default/production/sbxbt_hid_ms910/Common/uart1.o

.ivt._U1TXInterrupt
                  0x00002c          0x2
 .ivt._U1TXInterrupt
                  0x00002c          0x2 build/default/production/sbxbt_hid_ms910/Common/uart1.o

.ivt._USB1Interrupt
                  0x0000c0          0x2
 .ivt._USB1Interrupt
                  0x0000c0          0x2 build/default/production/sbxbt_hid_ms910/USB/usb_host.o

.const              0x8698        0xa22 load address 0x000698  
 .const             0x8698        0x61e build/default/production/sbxbt_hid_ms910/main.o
 .const             0x8cb6        0x1b8 build/default/production/sbxbt_hid_ms910/btstack/hci_cmds.o
                    0x8cba                  _hci_inquiry
                    0x8cc0                  _hci_inquiry_cancel
                    0x8ccc                  _hci_create_connection
                    0x8cd4                  _hci_disconnect
                    0x8cda                  _hci_create_connection_cancel
                    0x8ce2                  _hci_accept_connection_request
                    0x8ce6                  _hci_reject_connection_request
                    0x8cee                  _hci_link_key_request_reply
                    0x8cf2                  _hci_link_key_request_negative_reply
                    0x8cfa                  _hci_pin_code_request_reply
                    0x8cfe                  _hci_pin_code_request_negative_reply
                    0x8d04                  _hci_authentication_requested
                    0x8d08                  _hci_set_connection_encryption
                    0x8d0c                  _hci_change_connection_link_key
                    0x8d16                  _hci_remote_name_request
                    0x8d1a                  _hci_remote_name_request_cancel
                    0x8d24                  _hci_io_capability_request_reply
                    0x8d28                  _hci_user_confirmation_request_reply
                    0x8d32                  _hci_sniff_mode
                    0x8d3e                  _hci_qos_setup
                    0x8d42                  _hci_role_discovery
                    0x8d46                  _hci_switch_role_command
                    0x8d4a                  _hci_read_link_policy_settings
                    0x8d52                  _hci_write_link_policy_settings
                    0x8d58                  _hci_write_default_link_policy_settings
                    0x8d60                  _hci_set_event_mask
                    0x8d64                  _hci_reset
                    0x8d6a                  _hci_set_event_filter
                    0x8d6e                  _hci_read_stored_link_key
                    0x8d76                  _hci_write_stored_link_key
                    0x8d7a                  _hci_delete_stored_link_key
                    0x8d80                  _hci_write_local_name
                    0x8d84                  _hci_write_page_timeout
                    0x8d88                  _hci_write_scan_enable
                    0x8d8c                  _hci_write_authentication_enable
                    0x8d92                  _hci_write_class_of_device
                    0x8d96                  _hci_read_num_broadcast_retransmissions
                    0x8d9a                  _hci_write_num_broadcast_retransmissions
                    0x8da4                  _hci_host_buffer_size
                    0x8da8                  _hci_read_link_supervision_timeout
                    0x8dac                  _hci_write_link_supervision_timeout
                    0x8db0                  _hci_write_inquiry_mode
                    0x8db8                  _hci_write_extended_inquiry_response
                    0x8dbc                  _hci_write_simple_pairing_mode
                    0x8dc0                  _hci_read_le_host_supported
                    0x8dc8                  _hci_write_le_host_supported
                    0x8dcc                  _hci_read_local_supported_features
                    0x8dd0                  _hci_read_buffer_size
                    0x8dd4                  _hci_read_bd_addr
                    0x8dd8                  _hci_read_local_supprted_commands
                    0x8ddc                  _hci_read_rssi
                    0x8de0                  _btstack_get_state
                    0x8de4                  _btstack_set_power_mode
                    0x8de8                  _btstack_set_acl_capture_mode
                    0x8dec                  _btstack_get_version
                    0x8df0                  _btstack_get_system_bluetooth_enabled
                    0x8df4                  _btstack_set_system_bluetooth_enabled
                    0x8df8                  _btstack_set_discoverable
                    0x8dfc                  _btstack_set_bluetooth_enabled
                    0x8e04                  _l2cap_create_channel
                    0x8e0c                  _l2cap_create_channel_mtu
                    0x8e14                  _l2cap_disconnect
                    0x8e1c                  _l2cap_register_service
                    0x8e20                  _l2cap_unregister_service
                    0x8e24                  _l2cap_accept_connection
                    0x8e28                  _l2cap_decline_connection
                    0x8e2e                  _sdp_register_service_record
                    0x8e34                  _sdp_unregister_service_record
                    0x8e38                  _rfcomm_create_channel